11-22 13:00:15.842   244   247 E android.system.suspend-service: Error reading wakeup26/prevent_suspend_time_ms: No such device
11-22 13:00:15.842   244   247 E android.system.suspend-service: Error reading wakeup26/wakeup_count: No such device
11-22 13:00:15.842   244   247 E android.system.suspend-service: Error reading wakeup16/name: No such device
11-22 13:00:15.842   244   247 E android.system.suspend-service: Error reading wakeup16/active_count: No such device
11-22 13:00:15.842   244   247 E android.system.suspend-service: Error reading wakeup16/last_change_ms: No such device
11-22 13:00:15.842   244   247 E android.system.suspend-service: Error reading wakeup16/max_time_ms: No such device
11-22 13:00:15.842   244   247 E android.system.suspend-service: Error reading wakeup16/total_time_ms: No such device
11-22 13:00:15.842   244   247 E android.system.suspend-service: Error reading wakeup16/active_time_ms: No such device
11-22 13:00:15.842   244   247 E android.system.suspend-service: Error reading wakeup16/event_count: No such device
11-22 13:00:15.842   244   247 E android.system.suspend-service: Error reading wakeup16/expire_count: No such device
11-22 13:00:15.842   244   247 E android.system.suspend-service: Error reading wakeup16/prevent_suspend_time_ms: No such device
11-22 13:00:15.851   244   247 E android.system.suspend-service: Error reading wakeup16/wakeup_count: No such device
11-22 13:00:15.852   244   247 E android.system.suspend-service: Error reading wakeup24/name: No such device
11-22 13:00:15.852   244   247 E android.system.suspend-service: Error reading wakeup24/active_count: No such device
11-22 13:00:15.852   244   247 E android.system.suspend-service: Error reading wakeup24/last_change_ms: No such device
11-22 13:00:15.852   244   247 E android.system.suspend-service: Error reading wakeup24/max_time_ms: No such device
11-22 13:00:15.852   244   247 E android.system.suspend-service: Error reading wakeup24/total_time_ms: No such device
11-22 13:00:15.852   244   247 E android.system.suspend-service: Error reading wakeup24/active_time_ms: No such device
11-22 13:00:15.852   244   247 E android.system.suspend-service: Error reading wakeup24/event_count: No such device
11-22 13:00:15.852   244   247 E android.system.suspend-service: Error reading wakeup24/expire_count: No such device
11-22 13:00:15.852   244   247 E android.system.suspend-service: Error reading wakeup24/prevent_suspend_time_ms: No such device
11-22 13:00:15.852   244   247 E android.system.suspend-service: Error reading wakeup24/wakeup_count: No such device
11-22 13:00:15.855   244   247 E android.system.suspend-service: Error reading wakeup14/name: No such device
11-22 13:00:15.856   244   247 E android.system.suspend-service: Error reading wakeup14/active_count: No such device
11-22 13:00:15.856   244   247 E android.system.suspend-service: Error reading wakeup14/last_change_ms: No such device
11-22 13:00:15.856   244   247 E android.system.suspend-service: Error reading wakeup14/max_time_ms: No such device
11-22 13:00:15.856   244   247 E android.system.suspend-service: Error reading wakeup14/total_time_ms: No such device
11-22 13:00:15.856   244   247 E android.system.suspend-service: Error reading wakeup14/active_time_ms: No such device
11-22 13:00:15.856   244   247 E android.system.suspend-service: Error reading wakeup14/event_count: No such device
11-22 13:00:15.856   244   247 E android.system.suspend-service: Error reading wakeup14/expire_count: No such device
11-22 13:00:15.856   244   247 E android.system.suspend-service: Error reading wakeup14/prevent_suspend_time_ms: No such device
11-22 13:00:15.856   244   247 E android.system.suspend-service: Error reading wakeup14/wakeup_count: No such device
11-22 13:00:15.862   244   247 E android.system.suspend-service: Error reading wakeup22/name: No such device
11-22 13:00:15.862   244   247 E android.system.suspend-service: Error reading wakeup22/active_count: No such device
11-22 13:00:15.862   244   247 E android.system.suspend-service: Error reading wakeup22/last_change_ms: No such device
11-22 13:00:15.862   244   247 E android.system.suspend-service: Error reading wakeup22/max_time_ms: No such device
11-22 13:00:15.862   244   247 E android.system.suspend-service: Error reading wakeup22/total_time_ms: No such device
11-22 13:00:15.862   244   247 E android.system.suspend-service: Error reading wakeup22/active_time_ms: No such device
11-22 13:00:15.866   244   247 E android.system.suspend-service: Error reading wakeup22/event_count: No such device
11-22 13:00:15.867   244   247 E android.system.suspend-service: Error reading wakeup22/expire_count: No such device
11-22 13:00:15.867   244   247 E android.system.suspend-service: Error reading wakeup22/prevent_suspend_time_ms: No such device
11-22 13:00:15.867   244   247 E android.system.suspend-service: Error reading wakeup22/wakeup_count: No such device
11-22 13:00:15.868   244   247 E android.system.suspend-service: Error reading wakeup12/name: No such device
11-22 13:00:15.869   244   247 E android.system.suspend-service: Error reading wakeup12/active_count: No such device
11-22 13:00:15.869   244   247 E android.system.suspend-service: Error reading wakeup12/last_change_ms: No such device
11-22 13:00:15.869   244   247 E android.system.suspend-service: Error reading wakeup12/max_time_ms: No such device
11-22 13:00:15.869   244   247 E android.system.suspend-service: Error reading wakeup12/total_time_ms: No such device
11-22 13:00:15.869   244   247 E android.system.suspend-service: Error reading wakeup12/active_time_ms: No such device
11-22 13:00:15.869   244   247 E android.system.suspend-service: Error reading wakeup12/event_count: No such device
11-22 13:00:15.869   244   247 E android.system.suspend-service: Error reading wakeup12/expire_count: No such device
11-22 13:00:15.869   244   247 E android.system.suspend-service: Error reading wakeup12/prevent_suspend_time_ms: No such device
11-22 13:00:15.869   244   247 E android.system.suspend-service: Error reading wakeup12/wakeup_count: No such device
11-22 13:00:15.883   244   247 E android.system.suspend-service: Error reading wakeup30/name: No such device
11-22 13:00:15.883   244   247 E android.system.suspend-service: Error reading wakeup30/active_count: No such device
11-22 13:00:15.883   244   247 E android.system.suspend-service: Error reading wakeup30/last_change_ms: No such device
11-22 13:00:15.883   244   247 E android.system.suspend-service: Error reading wakeup30/max_time_ms: No such device
11-22 13:00:15.883   244   247 E android.system.suspend-service: Error reading wakeup30/total_time_ms: No such device
11-22 13:00:15.883   244   247 E android.system.suspend-service: Error reading wakeup30/active_time_ms: No such device
11-22 13:00:15.883   244   247 E android.system.suspend-service: Error reading wakeup30/event_count: No such device
11-22 13:00:15.883   244   247 E android.system.suspend-service: Error reading wakeup30/expire_count: No such device
11-22 13:00:15.891   244   247 E android.system.suspend-service: Error reading wakeup30/prevent_suspend_time_ms: No such device
11-22 13:00:15.891   244   247 E android.system.suspend-service: Error reading wakeup30/wakeup_count: No such device
11-22 13:00:15.892   244   247 E android.system.suspend-service: Error reading wakeup20/name: No such device
11-22 13:00:15.892   244   247 E android.system.suspend-service: Error reading wakeup20/active_count: No such device
11-22 13:00:15.892   244   247 E android.system.suspend-service: Error reading wakeup20/last_change_ms: No such device
11-22 13:00:15.892   244   247 E android.system.suspend-service: Error reading wakeup20/max_time_ms: No such device
11-22 13:00:15.892   244   247 E android.system.suspend-service: Error reading wakeup20/total_time_ms: No such device
11-22 13:00:15.892   244   247 E android.system.suspend-service: Error reading wakeup20/active_time_ms: No such device
11-22 13:00:15.892   244   247 E android.system.suspend-service: Error reading wakeup20/event_count: No such device
11-22 13:00:15.892   244   247 E android.system.suspend-service: Error reading wakeup20/expire_count: No such device
11-22 13:00:15.892   244   247 E android.system.suspend-service: Error reading wakeup20/prevent_suspend_time_ms: No such device
11-22 13:00:15.892   244   247 E android.system.suspend-service: Error reading wakeup20/wakeup_count: No such device
11-22 13:00:15.895   244   247 E android.system.suspend-service: Error reading wakeup10/name: No such device
11-22 13:00:15.897   244   247 E android.system.suspend-service: Error reading wakeup10/active_count: No such device
11-22 13:00:15.897   244   247 E android.system.suspend-service: Error reading wakeup10/last_change_ms: No such device
11-22 13:00:15.897   244   247 E android.system.suspend-service: Error reading wakeup10/max_time_ms: No such device
11-22 13:00:15.912   244   247 E android.system.suspend-service: Error reading wakeup10/total_time_ms: No such device
11-22 13:00:15.912   244   247 E android.system.suspend-service: Error reading wakeup10/active_time_ms: No such device
11-22 13:00:15.912   244   247 E android.system.suspend-service: Error reading wakeup10/event_count: No such device
11-22 13:00:15.912   244   247 E android.system.suspend-service: Error reading wakeup10/expire_count: No such device
11-22 13:00:15.912   244   247 E android.system.suspend-service: Error reading wakeup10/prevent_suspend_time_ms: No such device
11-22 13:00:15.912   244   247 E android.system.suspend-service: Error reading wakeup10/wakeup_count: No such device
11-22 13:00:15.912   244   247 E android.system.suspend-service: Error reading wakeup29/name: No such device
11-22 13:00:15.912   244   247 E android.system.suspend-service: Error reading wakeup29/active_count: No such device
11-22 13:00:15.912   244   247 E android.system.suspend-service: Error reading wakeup29/last_change_ms: No such device
11-22 13:00:15.912   244   247 E android.system.suspend-service: Error reading wakeup29/max_time_ms: No such device
11-22 13:00:15.912   244   247 E android.system.suspend-service: Error reading wakeup29/total_time_ms: No such device
11-22 13:00:15.912   244   247 E android.system.suspend-service: Error reading wakeup29/active_time_ms: No such device
11-22 13:00:15.913   244   247 E android.system.suspend-service: Error reading wakeup29/event_count: No such device
11-22 13:00:15.913   244   247 E android.system.suspend-service: Error reading wakeup29/expire_count: No such device
11-22 13:00:15.913   244   247 E android.system.suspend-service: Error reading wakeup29/prevent_suspend_time_ms: No such device
11-22 13:00:15.913   244   247 E android.system.suspend-service: Error reading wakeup29/wakeup_count: No such device
11-22 13:00:15.913   244   247 E android.system.suspend-service: Error reading wakeup19/name: No such device
11-22 13:00:15.913   244   247 E android.system.suspend-service: Error reading wakeup19/active_count: No such device
11-22 13:00:15.913   244   247 E android.system.suspend-service: Error reading wakeup19/last_change_ms: No such device
11-22 13:00:15.913   244   247 E android.system.suspend-service: Error reading wakeup19/max_time_ms: No such device
11-22 13:00:15.913   244   247 E android.system.suspend-service: Error reading wakeup19/total_time_ms: No such device
11-22 13:00:15.913   244   247 E android.system.suspend-service: Error reading wakeup19/active_time_ms: No such device
11-22 13:00:15.913   244   247 E android.system.suspend-service: Error reading wakeup19/event_count: No such device
11-22 13:00:15.913   244   247 E android.system.suspend-service: Error reading wakeup19/expire_count: No such device
11-22 13:00:15.913   244   247 E android.system.suspend-service: Error reading wakeup19/prevent_suspend_time_ms: No such device
11-22 13:00:15.913   244   247 E android.system.suspend-service: Error reading wakeup19/wakeup_count: No such device
11-22 13:00:15.914   244   247 E android.system.suspend-service: Error reading wakeup27/name: No such device
11-22 13:00:15.914   244   247 E android.system.suspend-service: Error reading wakeup27/active_count: No such device
11-22 13:00:15.955   244   247 E android.system.suspend-service: Error reading wakeup27/last_change_ms: No such device
11-22 13:00:15.957   244   247 E android.system.suspend-service: Error reading wakeup27/max_time_ms: No such device
11-22 13:00:15.975   244   247 E android.system.suspend-service: Error reading wakeup27/total_time_ms: No such device
11-22 13:00:15.975   244   247 E android.system.suspend-service: Error reading wakeup27/active_time_ms: No such device
11-22 13:00:15.975   244   247 E android.system.suspend-service: Error reading wakeup27/event_count: No such device
11-22 13:00:15.975   244   247 E android.system.suspend-service: Error reading wakeup27/expire_count: No such device
11-22 13:00:15.975   244   247 E android.system.suspend-service: Error reading wakeup27/prevent_suspend_time_ms: No such device
11-22 13:00:15.975   244   247 E android.system.suspend-service: Error reading wakeup27/wakeup_count: No such device
11-22 13:00:15.975   244   247 E android.system.suspend-service: Error reading wakeup17/name: No such device
11-22 13:00:15.975   244   247 E android.system.suspend-service: Error reading wakeup17/active_count: No such device
11-22 13:00:15.975   244   247 E android.system.suspend-service: Error reading wakeup17/last_change_ms: No such device
11-22 13:00:15.975   244   247 E android.system.suspend-service: Error reading wakeup17/max_time_ms: No such device
11-22 13:00:15.975   244   247 E android.system.suspend-service: Error reading wakeup17/total_time_ms: No such device
11-22 13:00:15.975   244   247 E android.system.suspend-service: Error reading wakeup17/active_time_ms: No such device
11-22 13:00:15.975   244   247 E android.system.suspend-service: Error reading wakeup17/event_count: No such device
11-22 13:00:15.975   244   247 E android.system.suspend-service: Error reading wakeup17/expire_count: No such device
11-22 13:00:15.975   244   247 E android.system.suspend-service: Error reading wakeup17/prevent_suspend_time_ms: No such device
11-22 13:00:15.976   244   247 E android.system.suspend-service: Error reading wakeup17/wakeup_count: No such device
11-22 13:00:15.976   244   247 E android.system.suspend-service: Error reading wakeup25/name: No such device
11-22 13:00:15.976   244   247 E android.system.suspend-service: Error reading wakeup25/active_count: No such device
11-22 13:00:15.976   244   247 E android.system.suspend-service: Error reading wakeup25/last_change_ms: No such device
11-22 13:00:15.976   244   247 E android.system.suspend-service: Error reading wakeup25/max_time_ms: No such device
11-22 13:00:15.976   244   247 E android.system.suspend-service: Error reading wakeup25/total_time_ms: No such device
11-22 13:00:15.976   244   247 E android.system.suspend-service: Error reading wakeup25/active_time_ms: No such device
11-22 13:00:15.976   244   247 E android.system.suspend-service: Error reading wakeup25/event_count: No such device
11-22 13:00:15.976   244   247 E android.system.suspend-service: Error reading wakeup25/expire_count: No such device
11-22 13:00:15.976   244   247 E android.system.suspend-service: Error reading wakeup25/prevent_suspend_time_ms: No such device
11-22 13:00:15.976   244   247 E android.system.suspend-service: Error reading wakeup25/wakeup_count: No such device
11-22 13:00:15.976   244   247 E android.system.suspend-service: Error reading wakeup15/name: No such device
11-22 13:00:15.976   244   247 E android.system.suspend-service: Error reading wakeup15/active_count: No such device
11-22 13:00:15.976   244   247 E android.system.suspend-service: Error reading wakeup15/last_change_ms: No such device
11-22 13:00:15.976   244   247 E android.system.suspend-service: Error reading wakeup15/max_time_ms: No such device
11-22 13:00:15.976   244   247 E android.system.suspend-service: Error reading wakeup15/total_time_ms: No such device
11-22 13:00:15.986   244   247 E android.system.suspend-service: Error reading wakeup15/active_time_ms: No such device
11-22 13:00:15.986   244   247 E android.system.suspend-service: Error reading wakeup15/event_count: No such device
11-22 13:00:15.987   244   247 E android.system.suspend-service: Error reading wakeup15/expire_count: No such device
11-22 13:00:15.987   244   247 E android.system.suspend-service: Error reading wakeup15/prevent_suspend_time_ms: No such device
11-22 13:00:15.987   244   247 E android.system.suspend-service: Error reading wakeup15/wakeup_count: No such device
11-22 13:00:15.987   244   247 E android.system.suspend-service: Error reading wakeup33/name: No such device
11-22 13:00:15.987   244   247 E android.system.suspend-service: Error reading wakeup33/active_count: No such device
11-22 13:00:15.987   244   247 E android.system.suspend-service: Error reading wakeup33/last_change_ms: No such device
11-22 13:00:15.987   244   247 E android.system.suspend-service: Error reading wakeup33/max_time_ms: No such device
11-22 13:00:15.987   244   247 E android.system.suspend-service: Error reading wakeup33/total_time_ms: No such device
11-22 13:00:15.988   244   247 E android.system.suspend-service: Error reading wakeup33/active_time_ms: No such device
11-22 13:00:15.988   244   247 E android.system.suspend-service: Error reading wakeup33/event_count: No such device
11-22 13:00:15.988   244   247 E android.system.suspend-service: Error reading wakeup33/expire_count: No such device
11-22 13:00:15.988   244   247 E android.system.suspend-service: Error reading wakeup33/prevent_suspend_time_ms: No such device
11-22 13:00:15.988   244   247 E android.system.suspend-service: Error reading wakeup33/wakeup_count: No such device
11-22 13:00:15.988   244   247 E android.system.suspend-service: Error reading wakeup23/name: No such device
11-22 13:00:15.988   244   247 E android.system.suspend-service: Error reading wakeup23/active_count: No such device
11-22 13:00:15.988   244   247 E android.system.suspend-service: Error reading wakeup23/last_change_ms: No such device
11-22 13:00:15.988   244   247 E android.system.suspend-service: Error reading wakeup23/max_time_ms: No such device
11-22 13:00:15.989   244   247 E android.system.suspend-service: Error reading wakeup23/total_time_ms: No such device
11-22 13:00:15.989   244   247 E android.system.suspend-service: Error reading wakeup23/active_time_ms: No such device
11-22 13:00:15.989   244   247 E android.system.suspend-service: Error reading wakeup23/event_count: No such device
11-22 13:00:15.989   244   247 E android.system.suspend-service: Error reading wakeup23/expire_count: No such device
11-22 13:00:15.989   244   247 E android.system.suspend-service: Error reading wakeup23/prevent_suspend_time_ms: No such device
11-22 13:00:15.989   244   247 E android.system.suspend-service: Error reading wakeup23/wakeup_count: No such device
11-22 13:00:15.989   244   247 E android.system.suspend-service: Error reading wakeup13/name: No such device
11-22 13:00:15.990   244   247 E android.system.suspend-service: Error reading wakeup13/active_count: No such device
11-22 13:00:15.990   244   247 E android.system.suspend-service: Error reading wakeup13/last_change_ms: No such device
11-22 13:00:15.990   244   247 E android.system.suspend-service: Error reading wakeup13/max_time_ms: No such device
11-22 13:00:15.990   244   247 E android.system.suspend-service: Error reading wakeup13/total_time_ms: No such device
11-22 13:00:15.990   244   247 E android.system.suspend-service: Error reading wakeup13/active_time_ms: No such device
11-22 13:00:15.990   244   247 E android.system.suspend-service: Error reading wakeup13/event_count: No such device
11-22 13:00:15.990   244   247 E android.system.suspend-service: Error reading wakeup13/expire_count: No such device
11-22 13:00:15.990   244   247 E android.system.suspend-service: Error reading wakeup13/prevent_suspend_time_ms: No such device
11-22 13:00:15.990   244   247 E android.system.suspend-service: Error reading wakeup13/wakeup_count: No such device
11-22 13:00:15.990   244   247 E android.system.suspend-service: Error reading wakeup31/name: No such device
11-22 13:00:15.990   244   247 E android.system.suspend-service: Error reading wakeup31/active_count: No such device
11-22 13:00:15.990   244   247 E android.system.suspend-service: Error reading wakeup31/last_change_ms: No such device
11-22 13:00:15.990   244   247 E android.system.suspend-service: Error reading wakeup31/max_time_ms: No such device
11-22 13:00:15.990   244   247 E android.system.suspend-service: Error reading wakeup31/total_time_ms: No such device
11-22 13:00:15.990   244   247 E android.system.suspend-service: Error reading wakeup31/active_time_ms: No such device
11-22 13:00:15.990   244   247 E android.system.suspend-service: Error reading wakeup31/event_count: No such device
11-22 13:00:15.990   244   247 E android.system.suspend-service: Error reading wakeup31/expire_count: No such device
11-22 13:00:15.990   244   247 E android.system.suspend-service: Error reading wakeup31/prevent_suspend_time_ms: No such device
11-22 13:00:15.990   244   247 E android.system.suspend-service: Error reading wakeup31/wakeup_count: No such device
11-22 13:00:15.990   244   247 E android.system.suspend-service: Error reading wakeup21/name: No such device
11-22 13:00:15.991   244   247 E android.system.suspend-service: Error reading wakeup21/active_count: No such device
11-22 13:00:15.991   244   247 E android.system.suspend-service: Error reading wakeup21/last_change_ms: No such device
11-22 13:00:15.991   244   247 E android.system.suspend-service: Error reading wakeup21/max_time_ms: No such device
11-22 13:00:15.991   244   247 E android.system.suspend-service: Error reading wakeup21/total_time_ms: No such device
11-22 13:00:15.991   244   247 E android.system.suspend-service: Error reading wakeup21/active_time_ms: No such device
11-22 13:00:15.991   244   247 E android.system.suspend-service: Error reading wakeup21/event_count: No such device
11-22 13:00:15.991   244   247 E android.system.suspend-service: Error reading wakeup21/expire_count: No such device
11-22 13:00:15.991   244   247 E android.system.suspend-service: Error reading wakeup21/prevent_suspend_time_ms: No such device
11-22 13:00:15.991   244   247 E android.system.suspend-service: Error reading wakeup21/wakeup_count: No such device
11-22 13:00:15.991   244   247 E android.system.suspend-service: Error reading wakeup11/name: No such device
11-22 13:00:15.991   244   247 E android.system.suspend-service: Error reading wakeup11/active_count: No such device
11-22 13:00:15.991   244   247 E android.system.suspend-service: Error reading wakeup11/last_change_ms: No such device
11-22 13:00:15.991   244   247 E android.system.suspend-service: Error reading wakeup11/max_time_ms: No such device
11-22 13:00:15.991   244   247 E android.system.suspend-service: Error reading wakeup11/total_time_ms: No such device
11-22 13:00:15.991   244   247 E android.system.suspend-service: Error reading wakeup11/active_time_ms: No such device
11-22 13:00:15.991   244   247 E android.system.suspend-service: Error reading wakeup11/event_count: No such device
11-22 13:00:15.991   244   247 E android.system.suspend-service: Error reading wakeup11/expire_count: No such device
11-22 13:00:15.991   244   247 E android.system.suspend-service: Error reading wakeup11/prevent_suspend_time_ms: No such device
11-22 13:00:15.992   244   247 E android.system.suspend-service: Error reading wakeup11/wakeup_count: No such device
11-22 13:00:15.994 25592 25639 W BatteryExternalStatsWorker: error reading modem stats:ERROR_PHONE_NOT_AVAILABLE
11-22 13:00:16.457 25592 25639 W BatteryExternalStatsWorker: error reading modem stats:ERROR_PHONE_NOT_AVAILABLE
11-22 13:00:17.705 25592 25937 W ZygoteProcess: Got error connecting to zygote, retrying. msg= Connection refused
11-22 13:00:17.808 25592 25937 W ZygoteProcess: Got error connecting to zygote, retrying. msg= Connection refused
11-22 13:00:18.137 25592 25639 E BluetoothPowerStatsCollector: java.util.concurrent.ExecutionException: java.lang.RuntimeException: error: 9
11-22 13:00:18.137 25592 25639 E BluetoothPowerStatsCollector: Caused by: java.lang.RuntimeException: error: 9
11-22 13:00:18.137 25592 25639 E BluetoothPowerStatsCollector: 	at com.android.server.power.stats.BluetoothPowerStatsCollector$1.onBluetoothActivityEnergyInfoError(BluetoothPowerStatsCollector.java:181)
11-22 13:00:18.137 25592 25639 E BluetoothPowerStatsCollector: 	at android.bluetooth.BluetoothAdapter$OnBluetoothActivityEnergyInfoProxy.lambda$onError$2(BluetoothAdapter.java:1059)
11-22 13:00:18.137 25592 25639 E BluetoothPowerStatsCollector: 	at android.bluetooth.BluetoothAdapter$OnBluetoothActivityEnergyInfoProxy.onError(BluetoothAdapter.java:1058)
11-22 13:00:18.171 25592 25639 W MobileRadioPowerStatsCollector: error reading modem stats:ERROR_PHONE_NOT_AVAILABLE
11-22 13:00:18.468 26103 26185 W HWUI    : Failed to initialize 101010-2 format, error = EGL_SUCCESS
11-22 13:00:18.729 26156 26156 E FeatureFlagsImplExport: android.os.flagging.AconfigStorageReadException: ERROR_PACKAGE_NOT_FOUND: package android.xr cannot be found on the device
11-22 13:00:21.776   506   554 E EGL_emulation: tid 554: eglQueryContext(2159): error 0x3004 (EGL_BAD_ATTRIBUTE)
11-22 13:00:21.907 25932 26276 W HWUI    : Failed to initialize 101010-2 format, error = EGL_SUCCESS
11-22 13:00:21.964 26117 26326 W bt_btif_sock: system/btif/src/btif_sock.cc:124 btif_sock_init: error initializing socket hal: 1
11-22 13:00:22.176 25592 25607 D MediaSessionService: onSessionPlaybackStateChanged: record=com.google.android.bluetooth/BluetoothMediaBrowserService/2 (userId=0) playbackState=PlaybackState {state=ERROR(7), position=0, buffered position=0, speed=0.0, updated=29080985, actions=0, custom actions=[], active item id=-1, error=Bluetooth audio disconnected}
11-22 13:00:22.203 25592 26016 D MediaSessionService: onSessionPlaybackStateChanged: record=com.google.android.bluetooth/BluetoothMediaBrowserService/3 (userId=0) playbackState=PlaybackState {state=ERROR(7), position=0, buffered position=0, speed=0.0, updated=29081014, actions=0, custom actions=[], active item id=-1, error=Bluetooth audio disconnected}
11-22 13:00:24.174 25464 25534 W IPCThreadState: call to talkWithDriver in joinThreadPool returned error: -9 (Bad file descriptor), FD: -1
11-22 13:00:24.175 25464 25464 W IPCThreadState: call to talkWithDriver in joinThreadPool returned error: -9 (Bad file descriptor), FD: -1
11-22 13:00:24.175 25464 25533 W IPCThreadState: call to talkWithDriver in joinThreadPool returned error: -9 (Bad file descriptor), FD: -1
11-22 13:00:24.175 25464 25669 W IPCThreadState: call to talkWithDriver in joinThreadPool returned error: -9 (Bad file descriptor), FD: -1
11-22 13:00:24.228 25464 25590 W IPCThreadState: call to talkWithDriver in joinThreadPool returned error: -9 (Bad file descriptor), FD: -1
11-22 13:00:24.243 25592 26301 W ActivityManager: pid 26081 com.android.phone sent binder code 58 with flags 2 to frozen apps and got error -74
11-22 13:00:32.205 25592 26613 E TaskPersister: File error accessing recents directory (directory doesn't exist?).
11-22 13:00:32.906 25592 26632 D MediaSessionService: onSessionPlaybackStateChanged: record=com.google.android.bluetooth/BluetoothMediaBrowserService/4 (userId=0) playbackState=PlaybackState {state=ERROR(7), position=0, buffered position=0, speed=0.0, updated=29091715, actions=0, custom actions=[], active item id=-1, error=Bluetooth audio disconnected}
11-22 13:00:33.645 26081 26372 D SatelliteServiceUtils: isSatelliteSupported error: 10
11-22 13:00:35.192 25592 26597 W AppSearchIcing: status-util.h:31: Error: 3, Message: ICU data file path is empty.
11-22 13:00:37.903 25592 26035 D MediaSessionService: onSessionPlaybackStateChanged: record=com.google.android.bluetooth/BluetoothMediaBrowserService/5 (userId=0) playbackState=PlaybackState {state=ERROR(7), position=0, buffered position=0, speed=0.0, updated=29096713, actions=0, custom actions=[], active item id=-1, error=Bluetooth audio disconnected}
11-22 13:00:39.802 26488 26698 E PhenotypeCombinedFlags: Config package com.google.android.client_error_logging#com.google.android.apps.wellbeing cannot use PROCESS_STABLE backing without declarative registration. See go/phenotype-android-integration#phenotype for more information. This will lead to stale flags.
11-22 13:00:39.820 26488 26698 I Phlogger: Shared storage file not found for com.google.android.client_error_logging#com.google.android.apps.wellbeing
11-22 13:00:43.682 25501 25540 E netd    : Error adding route ::/0 -> fe80::2 wlan0 to table 1016: File exists
11-22 13:00:43.740 26103 26103 D StatsLog: LAUNCHER_LAUNCH_ASSISTANT_FAILED_SERVICE_ERROR
11-22 13:00:49.970 25592 26597 W AppSearchIcing: status-util.h:31: Error: 5, Message: Document (VS#Pkg$VS#AndroidVDb/androidVOverlay, android$contacts/builtin:ContactPoint) not found.
11-22 13:00:50.446 25592 26597 W AppSearchIcing: status-util.h:31: Error: 5, Message: Document (VS#Pkg$VS#AndroidVDb/androidVOverlay, android$contacts/builtin:Person) not found.
11-22 13:00:50.481 25592 26876 I BootReceiver: Checking for fsck errors
11-22 13:00:50.493 26103 26883 W HWUI    : Failed to initialize 101010-2 format, error = EGL_SUCCESS
11-22 13:00:50.623 25592 26597 W AppSearchIcing: status-util.h:31: Error: 5, Message: Document (VS#Pkg$VS#AndroidVDb/androidVOverlay, com.google.android.settings.intelligence$settings/SettingsAppSearchDocument) not found.
11-22 13:00:50.624 25592 26597 W AppSearchIcing: status-util.h:31: Error: 5, Message: Document (VS#Pkg$VS#AndroidVDb/androidVOverlay, com.google.android.gms$cpg/cpg:GroupContactOrder) not found.
11-22 13:00:50.746 25592 26597 W AppSearchIcing: status-util.h:31: Error: 5, Message: Document (VS#Pkg$VS#AndroidVDb/androidVOverlay, com.google.android.gms$cpg/cpg:ActionPreference) not found.
11-22 13:00:50.750 25592 26597 W AppSearchIcing: status-util.h:31: Error: 5, Message: Document (VS#Pkg$VS#AndroidVDb/androidVOverlay, com.google.android.deskclock$clock/builtin:AlarmInstance) not found.
11-22 13:00:50.750 25592 26597 W AppSearchIcing: status-util.h:31: Error: 5, Message: Document (VS#Pkg$VS#AndroidVDb/androidVOverlay, com.google.android.deskclock$clock/builtin:StopwatchLap) not found.
11-22 13:00:50.750 25592 26597 W AppSearchIcing: status-util.h:31: Error: 5, Message: Document (VS#Pkg$VS#AndroidVDb/androidVOverlay, com.google.android.deskclock$clock/builtin:PotentialAction) not found.
11-22 13:00:50.750 25592 26597 W AppSearchIcing: status-util.h:31: Error: 5, Message: Document (VS#Pkg$VS#AndroidVDb/androidVOverlay, com.google.android.deskclock$clock/builtin:Stopwatch) not found.
11-22 13:00:50.750 25592 26597 W AppSearchIcing: status-util.h:31: Error: 5, Message: Document (VS#Pkg$VS#AndroidVDb/androidVOverlay, com.google.android.deskclock$clock/builtin:Alarm) not found.
11-22 13:00:50.751 25592 26597 W AppSearchIcing: status-util.h:31: Error: 5, Message: Document (VS#Pkg$VS#AndroidVDb/androidVOverlay, com.google.android.deskclock$clock/builtin:Timer) not found.
11-22 13:00:50.751 25592 26597 W AppSearchIcing: status-util.h:31: Error: 5, Message: Document (VS#Pkg$VS#AndroidVDb/androidVOverlay, com.google.android.googlequicksearchbox$OneSearchZeroStateGoogleSuggestions/OneSearchAppSearchData) not found.
11-22 13:00:55.617 25592 25612 V WindowManager:     startWCT=WindowContainerTransaction { changes= {} hops= [] errorCallbackToken=null taskFragmentOrganizer=null }
11-22 13:00:57.619 25592 25612 V WindowManager:     startWCT=WindowContainerTransaction { changes= {} hops= [] errorCallbackToken=null taskFragmentOrganizer=null }
11-22 13:01:00.104 25592 26597 W AppSearchIcing: status-util.h:31: Error: 5, Message: Document (com.google.android.googlequicksearchbox$OmniDynamicInvocationParams/omni, dynamic_invocation) not found.
11-22 13:01:12.581 25592 26812 E ActivityManager: ErrorId: 16707077-2fcf-483d-83c1-706f783831cc
11-22 13:01:16.412 25592 25771 E WifiRoamingModeManager: Failed to set roaming mode due to unknown error.
11-22 13:01:17.358 25501 27045 W resolv  : SSL_connect ssl error =5, mark 0xf0064: Connection refused
11-22 13:01:18.888 26103 26103 D StatsLog: LAUNCHER_LAUNCH_ASSISTANT_FAILED_SERVICE_ERROR
11-22 13:01:19.157 25592 26812 E ActivityManager: ErrorId: 4c0b429d-2184-42aa-b80e-9c4067e18599
11-22 13:01:19.272 25592 26812 E ActivityManager: ErrorId: 14e25884-9c0f-41e1-96c2-df23c186bcb5
11-22 13:01:19.399 25592 26812 E ActivityManager: ErrorId: 5ce1ab26-c011-4ad1-80cc-938c817e62a2
11-22 13:01:19.443 25592 26812 E ActivityManager: ErrorId: 00524917-e385-4b4a-9106-230f32768d8c
11-22 13:01:19.475 25592 26812 E ActivityManager: ErrorId: 08c2d852-8d97-4cc7-88ee-a35593b65370
11-22 13:01:19.595 25592 26632 W ActivityManager: pid 26117 com.google.android.bluetooth sent binder code 333 with flags 0 to frozen apps and got error -32
11-22 13:01:19.595 26117 26386 E TelephonyManager: Error calling ITelephony#clearSignalStrengthUpdateRequest
11-22 13:01:19.596 26573 26748 E IPCThreadState: Binder transaction failure. id: 4077286, BR_*: 29189, error: -3 (No such process)
11-22 13:01:19.596 25592 26662 W ActivityManager: pid 26573 com.google.android.googlequicksearchbox:interactor sent binder code 46 with flags 2 to frozen apps and got error -32
11-22 13:01:19.596 25592 26662 D ActivityManager: Too many transaction errors, throttling freezer binder callback.
11-22 13:01:19.651 25932 26251 E TelephonyManager: Error in getSimStateForSlotIndex: android.os.DeadObjectException
11-22 13:01:19.651 25592 26035 W ActivityManager: pid 25932 com.android.systemui sent binder code 351 with flags 0 to frozen apps and got error -32
11-22 13:01:19.651 25592 26035 D ActivityManager: Too many transaction errors, throttling freezer binder callback.
11-22 13:01:19.681 26279 26980 E IPCThreadState: Binder transaction failure. id: 4077712, BR_*: 29189, error: -22 (Invalid argument)
11-22 13:01:19.682 25592 26656 W ActivityManager: pid 26279 com.google.android.gms.persistent sent binder code 5 with flags 1 to frozen apps and got error -32
11-22 13:01:19.682 25592 26656 D ActivityManager: Too many transaction errors, throttling freezer binder callback.
11-22 13:01:19.683 26279 26980 E IPCThreadState: Binder transaction failure. id: 4077723, BR_*: 29189, error: -22 (Invalid argument)
11-22 13:01:19.683 26279 26980 D ActivityThread: Too many transaction errors, throttling freezer binder callback.
11-22 13:01:19.708 26279 26980 E IPCThreadState: Binder transaction failure. id: 4077772, BR_*: 29189, error: -22 (Invalid argument)
11-22 13:01:19.708 26279 26980 D ActivityThread: Too many transaction errors, throttling freezer binder callback.
11-22 13:01:19.831 26279 26675 E IPCThreadState: Binder transaction failure. id: 4078513, BR_*: 29189, error: -22 (Invalid argument)
11-22 13:01:19.832 26279 26675 D ActivityThread: Too many transaction errors, throttling freezer binder callback.
11-22 13:01:20.062 26279 26675 E IPCThreadState: Binder transaction failure. id: 4078878, BR_*: 29189, error: -22 (Invalid argument)
11-22 13:01:20.194 26279 26675 D ActivityThread: Too many transaction errors, throttling freezer binder callback.
11-22 13:01:20.307 26279 26980 E IPCThreadState: Binder transaction failure. id: 4078893, BR_*: 29189, error: -22 (Invalid argument)
11-22 13:01:20.307 26279 26980 D ActivityThread: Too many transaction errors, throttling freezer binder callback.
11-22 13:01:20.797 26634 26868 E altx    : (REDACTED) Error when converting version: %s
11-22 13:01:21.196   468  1168 E IPCThreadState: Binder transaction failure. id: 4079606, BR_*: 29189, error: -22 (Invalid argument)
11-22 13:01:21.755 25592 25777 E IPCThreadState: Binder transaction failure. id: 4079656, BR_*: 29189, error: -22 (Invalid argument)
11-22 13:01:21.767 25592 25777 W ActivityManager: pid 25592 system sent binder code 1 with flags 1 to frozen apps and got error -32
11-22 13:01:21.799 25592 25777 D ActivityManager: Too many transaction errors, throttling freezer binder callback.
11-22 13:01:22.124 25592 25613 W Looper  : Slow delivery took 6273ms android.ui app=system_server main=false group=TOP_APP h=com.android.server.am.ActivityManagerService$UiHandler c=com.android.server.am.ErrorDialogController$$ExternalSyntheticLambda4@23e4352 m=0
11-22 13:01:22.144 25592 25613 W Looper  : Slow dispatch took 1602ms android.ui app=system_server main=false group=TOP_APP h=com.android.server.am.ActivityManagerService$UiHandler c=com.android.server.am.ErrorDialogController$$ExternalSyntheticLambda4@23e4352 m=0
11-22 13:01:22.212 25592 25777 E IPCThreadState: Binder transaction failure. id: 4080089, BR_*: 29189, error: -22 (Invalid argument)
11-22 13:01:22.213 25592 25777 W ActivityManager: pid 25592 system sent binder code 1 with flags 1 to frozen apps and got error -32
11-22 13:01:22.213 25592 25777 D ActivityManager: Too many transaction errors, throttling freezer binder callback.
11-22 13:01:22.253 25592 25777 E IPCThreadState: Binder transaction failure. id: 4080152, BR_*: 29189, error: -22 (Invalid argument)
11-22 13:01:22.285 25592 25777 W ActivityManager: pid 25592 system sent binder code 1 with flags 1 to frozen apps and got error -32
11-22 13:01:22.290 25592 25777 D ActivityManager: Too many transaction errors, throttling freezer binder callback.
11-22 13:01:22.306 25592 25777 E IPCThreadState: Binder transaction failure. id: 4080162, BR_*: 29189, error: -22 (Invalid argument)
11-22 13:01:22.306 25592 25777 W ActivityManager: pid 25592 system sent binder code 1 with flags 1 to frozen apps and got error -32
11-22 13:01:22.306 25592 25777 D ActivityManager: Too many transaction errors, throttling freezer binder callback.
11-22 13:01:22.316 25592 25777 E IPCThreadState: Binder transaction failure. id: 4080166, BR_*: 29189, error: -22 (Invalid argument)
11-22 13:01:22.316 25592 25777 W ActivityManager: pid 25592 system sent binder code 1 with flags 1 to frozen apps and got error -32
11-22 13:01:22.316 25592 25777 D ActivityManager: Too many transaction errors, throttling freezer binder callback.
11-22 13:01:22.324 25592 25777 E IPCThreadState: Binder transaction failure. id: 4080190, BR_*: 29189, error: -22 (Invalid argument)
11-22 13:01:22.324 25592 25777 W ActivityManager: pid 25592 system sent binder code 1 with flags 1 to frozen apps and got error -32
11-22 13:01:22.324 25592 25777 D ActivityManager: Too many transaction errors, throttling freezer binder callback.
11-22 13:01:22.332 25592 25777 E IPCThreadState: Binder transaction failure. id: 4080195, BR_*: 29189, error: -22 (Invalid argument)
11-22 13:01:22.332 25592 25777 W ActivityManager: pid 25592 system sent binder code 1 with flags 1 to frozen apps and got error -32
11-22 13:01:22.332 25592 25777 D ActivityManager: Too many transaction errors, throttling freezer binder callback.
11-22 13:01:22.383 25592 25777 E IPCThreadState: Binder transaction failure. id: 4080199, BR_*: 29189, error: -22 (Invalid argument)
11-22 13:01:22.383 25592 25777 W ActivityManager: pid 25592 system sent binder code 1 with flags 1 to frozen apps and got error -32
11-22 13:01:22.383 25592 25777 D ActivityManager: Too many transaction errors, throttling freezer binder callback.
11-22 13:01:22.466 25592 25612 V WindowManager:     startWCT=WindowContainerTransaction { changes= {} hops= [] errorCallbackToken=null taskFragmentOrganizer=null }
11-22 13:01:22.971 25592 25777 W ActivityManager: pid 25592 system sent binder code 2 with flags 1 to frozen apps and got error -32
11-22 13:01:22.980 25592 25777 D ActivityManager: Too many transaction errors, throttling freezer binder callback.
11-22 13:01:22.987 25592 25777 W ActivityManager: pid 25592 system sent binder code 2 with flags 1 to frozen apps and got error -32
11-22 13:01:22.987 25592 25777 D ActivityManager: Too many transaction errors, throttling freezer binder callback.
11-22 13:01:23.043 25592 25777 W ActivityManager: pid 25592 system sent binder code 1 with flags 1 to frozen apps and got error -32
11-22 13:01:23.059 25592 25777 D ActivityManager: Too many transaction errors, throttling freezer binder callback.
11-22 13:01:23.059 25592 25777 W ActivityManager: pid 25592 system sent binder code 1 with flags 1 to frozen apps and got error -32
11-22 13:01:23.059 25592 25777 D ActivityManager: Too many transaction errors, throttling freezer binder callback.
11-22 13:01:23.060 25592 25777 W ActivityManager: pid 25592 system sent binder code 1 with flags 1 to frozen apps and got error -32
11-22 13:01:23.062 25592 25777 D ActivityManager: Too many transaction errors, throttling freezer binder callback.
11-22 13:01:23.080 25592 25777 W ActivityManager: pid 25592 system sent binder code 1 with flags 1 to frozen apps and got error -32
11-22 13:01:23.267 25592 25777 D ActivityManager: Too many transaction errors, throttling freezer binder callback.
11-22 13:01:23.268 25592 25777 W ActivityManager: pid 25592 system sent binder code 1 with flags 1 to frozen apps and got error -32
11-22 13:01:23.268 25592 25777 D ActivityManager: Too many transaction errors, throttling freezer binder callback.
11-22 13:01:23.269 25592 25777 W ActivityManager: pid 25592 system sent binder code 1 with flags 1 to frozen apps and got error -32
11-22 13:01:23.269 25592 25777 D ActivityManager: Too many transaction errors, throttling freezer binder callback.
11-22 13:01:23.294 25592 25777 W ActivityManager: pid 25592 system sent binder code 1 with flags 1 to frozen apps and got error -32
11-22 13:01:23.294 25592 25777 D ActivityManager: Too many transaction errors, throttling freezer binder callback.
11-22 13:01:23.644 25592 25777 W ActivityManager: pid 25592 system sent binder code 1 with flags 1 to frozen apps and got error -32
11-22 13:01:23.644 25592 25777 D ActivityManager: Too many transaction errors, throttling freezer binder callback.
11-22 13:01:24.214 25592 27211 W HWUI    : Failed to initialize 101010-2 format, error = EGL_SUCCESS
11-22 13:01:26.478 25592 25777 E IPCThreadState: Binder transaction failure. id: 4081421, BR_*: 29189, error: -22 (Invalid argument)
11-22 13:01:26.478 25592 25777 W ActivityManager: pid 25592 system sent binder code 1 with flags 1 to frozen apps and got error -32
11-22 13:01:26.478 25592 25777 D ActivityManager: Too many transaction errors, throttling freezer binder callback.
11-22 13:01:27.226 25592 25777 W ActivityManager: pid 25592 system sent binder code 2 with flags 1 to frozen apps and got error -32
11-22 13:01:27.226 25592 25777 D ActivityManager: Too many transaction errors, throttling freezer binder callback.
11-22 13:01:27.226 25592 25777 W ActivityManager: pid 25592 system sent binder code 2 with flags 1 to frozen apps and got error -32
11-22 13:01:27.226 25592 25777 D ActivityManager: Too many transaction errors, throttling freezer binder callback.
11-22 13:01:27.627 25592 25592 E IPCThreadState: Binder transaction failure. id: 4081749, BR_*: 29189, error: -22 (Invalid argument)
11-22 13:01:27.627 25592 25592 W ActivityManager: pid 25592 system sent binder code 1 with flags 1 to frozen apps and got error -32
11-22 13:01:27.627 25592 25592 D ActivityManager: Too many transaction errors, throttling freezer binder callback.
11-22 13:01:27.647 25592 25612 E TelephonyManager: Error calling #isDataEnabled, returning default (false).
11-22 13:01:28.911 25592 25777 W ActivityManager: pid 25592 system sent binder code 2 with flags 1 to frozen apps and got error -32
11-22 13:01:28.911 25592 25777 D ActivityManager: Too many transaction errors, throttling freezer binder callback.
11-22 13:01:28.911 25592 25777 W ActivityManager: pid 25592 system sent binder code 2 with flags 1 to frozen apps and got error -32
11-22 13:01:28.911 25592 25777 D ActivityManager: Too many transaction errors, throttling freezer binder callback.
11-22 13:01:28.916 25592 25777 W ActivityManager: pid 25592 system sent binder code 2 with flags 1 to frozen apps and got error -32
11-22 13:01:28.916 25592 25777 D ActivityManager: Too many transaction errors, throttling freezer binder callback.
11-22 13:01:28.916 25592 25777 W ActivityManager: pid 25592 system sent binder code 2 with flags 1 to frozen apps and got error -32
11-22 13:01:28.916 25592 25777 D ActivityManager: Too many transaction errors, throttling freezer binder callback.
11-22 13:01:28.918 25592 25777 W ActivityManager: pid 25592 system sent binder code 2 with flags 1 to frozen apps and got error -32
11-22 13:01:28.918 25592 25777 D ActivityManager: Too many transaction errors, throttling freezer binder callback.
11-22 13:01:28.918 25592 25777 W ActivityManager: pid 25592 system sent binder code 2 with flags 1 to frozen apps and got error -32
11-22 13:01:28.918 25592 25777 D ActivityManager: Too many transaction errors, throttling freezer binder callback.
11-22 13:01:28.918 25592 25777 W ActivityManager: pid 25592 system sent binder code 2 with flags 1 to frozen apps and got error -32
11-22 13:01:28.918 25592 25777 D ActivityManager: Too many transaction errors, throttling freezer binder callback.
11-22 13:01:28.919 25592 25777 W ActivityManager: pid 25592 system sent binder code 2 with flags 1 to frozen apps and got error -32
11-22 13:01:28.920 25592 25777 D ActivityManager: Too many transaction errors, throttling freezer binder callback.
11-22 13:01:28.920 25592 25777 W ActivityManager: pid 25592 system sent binder code 2 with flags 1 to frozen apps and got error -32
11-22 13:01:28.920 25592 25777 D ActivityManager: Too many transaction errors, throttling freezer binder callback.
11-22 13:01:28.920 25592 25777 W ActivityManager: pid 25592 system sent binder code 2 with flags 1 to frozen apps and got error -32
11-22 13:01:28.920 25592 25777 D ActivityManager: Too many transaction errors, throttling freezer binder callback.
11-22 13:01:28.920 25592 25777 W ActivityManager: pid 25592 system sent binder code 2 with flags 1 to frozen apps and got error -32
11-22 13:01:28.920 25592 25777 D ActivityManager: Too many transaction errors, throttling freezer binder callback.
11-22 13:01:28.926 25592 25777 W ActivityManager: pid 25592 system sent binder code 2 with flags 1 to frozen apps and got error -32
11-22 13:01:28.926 25592 25777 D ActivityManager: Too many transaction errors, throttling freezer binder callback.
11-22 13:01:28.926 25592 25777 W ActivityManager: pid 25592 system sent binder code 2 with flags 1 to frozen apps and got error -32
11-22 13:01:28.926 25592 25777 D ActivityManager: Too many transaction errors, throttling freezer binder callback.
11-22 13:01:28.926 25592 25777 W ActivityManager: pid 25592 system sent binder code 2 with flags 1 to frozen apps and got error -32
11-22 13:01:28.926 25592 25777 D ActivityManager: Too many transaction errors, throttling freezer binder callback.
11-22 13:01:28.926 25592 25777 W ActivityManager: pid 25592 system sent binder code 2 with flags 1 to frozen apps and got error -32
11-22 13:01:28.926 25592 25777 D ActivityManager: Too many transaction errors, throttling freezer binder callback.
11-22 13:01:28.926 25592 25777 W ActivityManager: pid 25592 system sent binder code 2 with flags 1 to frozen apps and got error -32
11-22 13:01:28.926 25592 25777 D ActivityManager: Too many transaction errors, throttling freezer binder callback.
11-22 13:01:28.926 25592 25777 W ActivityManager: pid 25592 system sent binder code 2 with flags 1 to frozen apps and got error -32
11-22 13:01:28.926 25592 25777 D ActivityManager: Too many transaction errors, throttling freezer binder callback.
11-22 13:01:28.926 25592 25777 W ActivityManager: pid 25592 system sent binder code 2 with flags 1 to frozen apps and got error -32
11-22 13:01:28.926 25592 25777 D ActivityManager: Too many transaction errors, throttling freezer binder callback.
11-22 13:01:29.500 25592 25777 W ActivityManager: pid 25592 system sent binder code 1 with flags 1 to frozen apps and got error -32
11-22 13:01:29.500 25592 25777 D ActivityManager: Too many transaction errors, throttling freezer binder callback.
11-22 13:01:29.500 25592 25777 W ActivityManager: pid 25592 system sent binder code 1 with flags 1 to frozen apps and got error -32
11-22 13:01:29.500 25592 25777 D ActivityManager: Too many transaction errors, throttling freezer binder callback.
11-22 13:01:29.725 25592 25777 W ActivityManager: pid 25592 system sent binder code 1 with flags 1 to frozen apps and got error -32
11-22 13:01:29.885 25592 25777 W ActivityManager: pid 25592 system sent binder code 1 with flags 1 to frozen apps and got error -32
11-22 13:01:29.885 25592 25777 D ActivityManager: Too many transaction errors, throttling freezer binder callback.
11-22 13:01:30.506 25592 25777 W ActivityManager: pid 25592 system sent binder code 1 with flags 1 to frozen apps and got error -32
11-22 13:01:30.507 25592 25777 D ActivityManager: Too many transaction errors, throttling freezer binder callback.
11-22 13:01:30.650 25592 25777 W ActivityManager: pid 25592 system sent binder code 1 with flags 1 to frozen apps and got error -32
11-22 13:01:30.650 25592 25777 D ActivityManager: Too many transaction errors, throttling freezer binder callback.
11-22 13:01:30.785 25592 25769 E TelephonyManager: Error calling setDataEnabledForReason e:java.lang.IllegalStateException: telephony service is null.
11-22 13:01:30.971 25592 25777 E IPCThreadState: Binder transaction failure. id: 4082732, BR_*: 29189, error: -22 (Invalid argument)
11-22 13:01:30.972 25592 25777 W ActivityManager: pid 25592 system sent binder code 1 with flags 1 to frozen apps and got error -32
11-22 13:01:30.972 25592 25777 D ActivityManager: Too many transaction errors, throttling freezer binder callback.
