11-22 13:06:35.569 29598 29598 E rya     : Caused by: ahih: errorCode: 65586, engine: 2
11-22 13:06:35.569 29598 29598 E rya     : Caused by: ahid: errorCode: 401, engine: 2
11-22 13:06:36.412 25592 30133 W ZygoteProcess: Got error connecting to zygote, retrying. msg= Connection refused
11-22 13:06:36.532 25592 30133 W ZygoteProcess: Got error connecting to zygote, retrying. msg= Connection refused
11-22 13:06:39.121 26103 26883 W HWUI    : Failed to initialize 101010-2 format, error = EGL_SUCCESS
11-22 13:06:51.787 26279 30139 I HeterodyneSyncer: (REDACTED) Sync completed. fetchReason: %s, fetchPackageName: %s, syncErrorType: %s, individual sync errors: %s.
11-22 13:06:53.652 28881 28955 E DialerRestVvmCarrierService: com.android.dialer.voicemail.service.impl.vvmclients.rest.RestVvmCarrierService.getMsisdn:420 Retrieved phone number in an unexpected format: +15551234567 [CONTEXT disable_client_error_logging=true ]
11-22 13:06:53.684 28881 28955 W DialerGbaCredentialProvider: com.android.dialer.voicemail.service.impl.vvmclients.rest.GbaCredentialProvider$1.onAuthenticationFailure:93 GBA failed with reason: 1 [CONTEXT disable_client_error_logging=true ]
11-22 13:06:53.685 28881 28955 W DialerVvmExecutorImpl: com.android.dialer.voicemail.service.impl.scheduler.VvmExecutorImpl.executeWorkOnCarrierService:444 Could not complete vvm work with action: ACTIVATE. Error: [GeneralFailureReason: UNSPECIFIED, RestFailureReason: GBA_AUTHENTICATION_FAILURE_FEATURE_NOT_SUPPORTED, OmtpFailureReason: OMTP_UNSPECIFIED] for ComponentInfo{com.android.phone/com.android.services.telephony.TelephonyConnectionService}, 1, UserHandle{0} [CONTEXT disable_client_error_logging=true enable_persistent_logger=true ]
11-22 13:08:26.090 26538 26660 D PickerSyncController: Error occurred, remaining retry count: 1
11-22 13:10:41.156 25592 26650 D WifiNl80211Manager: Scan failed event with error code: 3
11-22 13:10:41.164 25592 26650 D WifiNative: Scan failed event: errorCode: -7
11-22 13:10:41.165 25592 25775 W WificondScannerImpl: Scan failed: error code: -7
11-22 13:10:42.024 29598 29598 E rya     : onError
11-22 13:10:42.024 29598 29598 E rya     : ahif: errorCode: 65561, engine: 2
11-22 13:10:42.024 29598 29598 E rya     : Caused by: ahih: errorCode: 65586, engine: 2
11-22 13:10:42.024 29598 29598 E rya     : Caused by: ahid: errorCode: 401, engine: 2
11-22 13:10:42.231 28881 28955 E DialerRestVvmCarrierService: com.android.dialer.voicemail.service.impl.vvmclients.rest.RestVvmCarrierService.getMsisdn:420 Retrieved phone number in an unexpected format: +15551234567 [CONTEXT disable_client_error_logging=true ]
11-22 13:10:42.289 28881 28955 W DialerGbaCredentialProvider: com.android.dialer.voicemail.service.impl.vvmclients.rest.GbaCredentialProvider$1.onAuthenticationFailure:93 GBA failed with reason: 1 [CONTEXT disable_client_error_logging=true ]
11-22 13:10:42.320 26279 26394 V NativeCrypto: Read error: ssl=0xb4000075a61b45d8: I/O error during system call, Software caused connection abort
11-22 13:10:44.895 28881 28973 I DialerInternalSemanticEventLoggerImpl: com.android.dialer.cui.impl.InternalSemanticEventLoggerImpl.handleError:297 CUI error: VVM_ACTIVATION_FAILED; uniqueCallId: null
11-22 13:10:44.923 28881 28973 I DialerLogcatLoggingBindings: com.android.dialer.logging.logcat.LogcatLoggingBindings.logImpression:54 Impression: VVM_CLIENT_ERROR_LOGGED
11-22 13:10:44.954 28881 28973 W DialerVvmExecutorImpl: com.android.dialer.voicemail.service.impl.scheduler.VvmExecutorImpl.execute:294 Recoverable VVM error: [GeneralFailureReason: UNSPECIFIED, RestFailureReason: GBA_AUTHENTICATION_FAILURE_FEATURE_NOT_SUPPORTED, OmtpFailureReason: OMTP_UNSPECIFIED] for ComponentInfo{com.android.phone/com.android.services.telephony.TelephonyConnectionService}, 1, UserHandle{0}
11-22 13:10:44.955 28881 30379 I DialerVoicemailStatusDataServiceImpl: com.android.dialer.voicemailstatus.dataservice.impl.VoicemailStatusDataServiceImpl.logAndMergeErrors:380 Existing error is lower priority and thus overridden, Existing error: REST_FAILURE_REASON.GBA_AUTHENTICATION_FAILURE_FEATURE_NOT_SUPPORTED, New error: REST_FAILURE_REASON.GBA_AUTHENTICATION_FAILURE_FEATURE_NOT_SUPPORTED
11-22 13:10:46.264 26279 29365 V NativeCrypto: SSL shutdown failed: ssl=0xb4000075a61b45d8: I/O error during system call, Broken pipe
11-22 13:10:47.709 27285 29431 V NativeCrypto: SSL shutdown failed: ssl=0xb4000075a61b7518: I/O error during system call, Software caused connection abort
11-22 13:10:47.720 27285 29696 V NativeCrypto: SSL shutdown failed: ssl=0xb4000075a61b7158: I/O error during system call, Software caused connection abort
11-22 13:10:48.010 25501 25538 E netd    : Error adding route ::/0 -> fe80::2 wlan0 to table 1016: File exists
11-22 13:10:48.284 27285 30425 V NativeCrypto: Write error: ssl=0xb4000075a61b5058: I/O error during system call, Software caused connection abort
11-22 13:10:48.680 27285 30425 V NativeCrypto: SSL shutdown failed: ssl=0xb4000075a61b5058: I/O error during system call, Success
11-22 13:10:49.083 25592 25771 E WifiRoamingModeManager: Failed to set roaming mode due to unknown error.
11-22 13:10:49.459 25501 30430 W resolv  : SSL_connect ssl error =5, mark 0xf0067: Connection refused
11-22 13:10:51.352 25501 30458 W resolv  : SSL_connect ssl error =5, mark 0xf0067: Connection refused
11-22 13:10:56.772 26103 26883 W HWUI    : Failed to initialize 101010-2 format, error = EGL_SUCCESS
11-22 13:11:02.299 25592 25612 V WindowManager:     startWCT=WindowContainerTransaction { changes= {} hops= [] errorCallbackToken=null taskFragmentOrganizer=null }
11-22 13:11:03.496 25592 26613 E TaskPersister: File error accessing recents directory (directory doesn't exist?).
11-22 13:11:03.732 30564 30642 W HWUI    : Failed to initialize 101010-2 format, error = EGL_SUCCESS
11-22 13:11:04.457 25592 25612 V WindowManager:     startWCT=WindowContainerTransaction { changes= {} hops= [] errorCallbackToken=null taskFragmentOrganizer=null }
11-22 13:11:08.563 25592 26613 E TaskPersister: File error accessing recents directory (directory doesn't exist?).
11-22 13:11:12.805 25592 25613 I ActivityManager: Killing 25932:com.android.systemui/u0a187 (adj -800): user request after error
11-22 13:11:12.939 25592 25734 W InputDispatcher: channel '7f65267 StatusBar' ~ Consumer closed input channel or an error occurred.  events=0x9
11-22 13:11:12.943 25592 25734 E IPCThreadState: Binder transaction failure. id: 4265529, BR_*: 29189, error: -3 (No such process)
11-22 13:11:12.943 25592 25734 W ActivityManager: pid 25592 system sent binder code 13 with flags 1 to frozen apps and got error -32
11-22 13:11:12.944 25592 25734 E IPCThreadState: Binder transaction failure. id: 4265530, BR_*: 29189, error: -3 (No such process)
11-22 13:11:12.944 25592 25734 W ActivityManager: pid 25592 system sent binder code 2 with flags 1 to frozen apps and got error -32
11-22 13:11:12.944 25592 25734 D ActivityManager: Too many transaction errors, throttling freezer binder callback.
11-22 13:11:12.945 25592 25613 E IPCThreadState: Binder transaction failure. id: 4265532, BR_*: 29189, error: -3 (No such process)
11-22 13:11:12.945 25592 25613 W ActivityManager: pid 25592 system sent binder code 55 with flags 1 to frozen apps and got error -32
11-22 13:11:12.945 25592 25613 D ActivityManager: Too many transaction errors, throttling freezer binder callback.
11-22 13:11:12.948 25592 25734 W ActivityManager: pid 25592 system sent binder code 54 with flags 1 to frozen apps and got error -32
11-22 13:11:12.948 25592 25734 D ActivityManager: Too many transaction errors, throttling freezer binder callback.
11-22 13:11:12.949 25592 25734 E IPCThreadState: Binder transaction failure. id: 4265549, BR_*: 29189, error: -22 (Invalid argument)
11-22 13:11:12.949 25592 25734 W ActivityManager: pid 25592 system sent binder code 1 with flags 1 to frozen apps and got error -32
11-22 13:11:12.949 25592 25734 D ActivityManager: Too many transaction errors, throttling freezer binder callback.
11-22 13:11:12.949 25592 25734 W InputDispatcher: channel 'a90f67f ScreenDecorOverlayBottom' ~ Consumer closed input channel or an error occurred.  events=0x9
11-22 13:11:12.949 25592 25734 W InputDispatcher: channel '626cb23 ScreenDecorOverlay' ~ Consumer closed input channel or an error occurred.  events=0x9
11-22 13:11:12.949 25592 25734 W InputDispatcher: channel 'e936537 com.android.systemui.wallpapers.ImageWallpaper' ~ Consumer closed input channel or an error occurred.  events=0x9
11-22 13:11:12.955 25592 26661 W ActivityManager: pid 25592 system sent binder code 5 with flags 1 to frozen apps and got error -32
11-22 13:11:12.955 25592 26661 D ActivityManager: Too many transaction errors, throttling freezer binder callback.
11-22 13:11:12.956 25592 26661 W VolumeController: Error calling dismiss
11-22 13:11:12.974 25592 25613 W ActivityManager: pid 25592 system sent binder code 2 with flags 1 to frozen apps and got error -32
11-22 13:11:12.974 25592 25613 D ActivityManager: Too many transaction errors, throttling freezer binder callback.
11-22 13:11:12.975 25592 25613 E TransitionController: Error requesting transition
11-22 13:11:12.990 25592 26016 W ActivityManager: pid 25592 system sent binder code 1 with flags 1 to frozen apps and got error -32
11-22 13:11:12.990 25592 26016 D ActivityManager: Too many transaction errors, throttling freezer binder callback.
11-22 13:11:12.994 25592 26650 E IPCThreadState: Binder transaction failure. id: 4265645, BR_*: 29189, error: -22 (Invalid argument)
11-22 13:11:12.994 25592 26650 W ActivityManager: pid 25592 system sent binder code 7 with flags 1 to frozen apps and got error -32
11-22 13:11:12.994 25592 26650 D ActivityManager: Too many transaction errors, throttling freezer binder callback.
11-22 13:11:13.027 25592 25616 W ActivityManager: pid 25592 system sent binder code 3 with flags 1 to frozen apps and got error -32
11-22 13:11:13.027 25592 25616 D ActivityManager: Too many transaction errors, throttling freezer binder callback.
11-22 13:11:13.357 25502 30774 W android.hardware.audio@7.1-impl.ranchu: pcmWrite:259 pcm_writei failed with 'cannot read/write stream data: I/O error' (-1)
11-22 13:11:13.399 25592 25592 E IPCThreadState: Binder transaction failure. id: 4267552, BR_*: 29189, error: -22 (Invalid argument)
11-22 13:11:13.399 25592 25592 W ActivityManager: pid 25592 system sent binder code 3 with flags 1 to frozen apps and got error -32
11-22 13:11:13.399 25592 25592 D ActivityManager: Too many transaction errors, throttling freezer binder callback.
11-22 13:11:13.399 25592 25592 E IPCThreadState: Binder transaction failure. id: 4267555, BR_*: 29189, error: -22 (Invalid argument)
11-22 13:11:13.399 25592 25592 W ActivityManager: pid 25592 system sent binder code 3 with flags 1 to frozen apps and got error -32
11-22 13:11:13.399 25592 25592 D ActivityManager: Too many transaction errors, throttling freezer binder callback.
11-22 13:11:13.461 25502 30774 W android.hardware.audio@7.1-impl.ranchu: pcmWrite:259 pcm_writei failed with 'cannot read/write stream data: I/O error' (-1)
11-22 13:11:13.463 25592 25616 W ActivityManager: pid 25592 system sent binder code 13 with flags 1 to frozen apps and got error -32
11-22 13:11:13.463 25592 25616 D ActivityManager: Too many transaction errors, throttling freezer binder callback.
11-22 13:11:13.490   506   554 E EGL_emulation: tid 554: eglQueryContext(2159): error 0x3004 (EGL_BAD_ATTRIBUTE)
11-22 13:11:13.560 26103 26103 D StatsLog: LAUNCHER_LAUNCH_ASSISTANT_FAILED_SERVICE_ERROR
11-22 13:11:13.565 25502 30774 W android.hardware.audio@7.1-impl.ranchu: pcmWrite:259 pcm_writei failed with 'cannot read/write stream data: I/O error' (-1)
11-22 13:11:13.580 30760 30806 W HWUI    : Failed to initialize 101010-2 format, error = EGL_SUCCESS
11-22 13:11:13.673 25502 30774 W android.hardware.audio@7.1-impl.ranchu: pcmWrite:259 pcm_writei failed with 'cannot read/write stream data: I/O error' (-1)
11-22 13:11:13.719 30667 30736 W PhosphorGrpcMessageInterface: AttestAndSign request failed, error: PERMISSION_DENIED: The caller does not have permission
11-22 13:11:13.720 30667 30736 E BsaTokenCacheRefreshWorker: AbslStatusException(errorCode=7, errorMessage=AttestAndSign failed: invalid response)
11-22 13:11:13.720 30667 30736 E BsaTokenCacheRefreshWorker: 	at com.google.android.apps.miphone.astrea.privateinference.library.bsa.jni.BlindSignAuthJniBridge$NativeMessageCallback.nativeOnResponseError(Native Method)
11-22 13:11:13.720 30667 30736 E BsaTokenCacheRefreshWorker: 	at com.google.android.apps.miphone.astrea.privateinference.library.bsa.jni.BlindSignAuthJniBridge$NativeMessageCallback.access$nativeOnResponseError(PG:1)
11-22 13:11:13.720 30667 30736 E BsaTokenCacheRefreshWorker: 	at com.google.android.apps.miphone.astrea.privateinference.library.bsa.jni.BlindSignAuthJniBridge$NativeMessageCallback$Companion.nativeOnResponseError(PG:1)
11-22 13:11:13.720 30667 30736 E BsaTokenCacheRefreshWorker: 	at com.google.android.apps.miphone.astrea.privateinference.library.bsa.jni.BlindSignAuthJniBridge$NativeMessageCallback$Companion.access$nativeOnResponseError(PG:1)
11-22 13:11:13.720 30667 30736 E BsaTokenCacheRefreshWorker: 	at com.google.android.apps.miphone.astrea.privateinference.library.bsa.jni.BlindSignAuthJniBridge$NativeMessageCallback.onError(PG:41)
11-22 13:11:13.773 25502 30774 W android.hardware.audio@7.1-impl.ranchu: pcmWrite:259 pcm_writei failed with 'cannot read/write stream data: I/O error' (-1)
11-22 13:11:13.840 25592 26034 E IPCThreadState: Binder transaction failure. id: 4270529, BR_*: 29189, error: -22 (Invalid argument)
11-22 13:11:13.865 25592 25612 V WindowManager:     startWCT=WindowContainerTransaction { changes= {} hops= [] errorCallbackToken=null taskFragmentOrganizer=null }
11-22 13:11:13.877 25502 30774 W android.hardware.audio@7.1-impl.ranchu: pcmWrite:259 pcm_writei failed with 'cannot read/write stream data: I/O error' (-1)
11-22 13:11:13.983 25502 30774 W android.hardware.audio@7.1-impl.ranchu: pcmWrite:259 pcm_writei failed with 'cannot read/write stream data: I/O error' (-1)
11-22 13:11:14.089 25502 30774 W android.hardware.audio@7.1-impl.ranchu: pcmWrite:259 pcm_writei failed with 'cannot read/write stream data: I/O error' (-1)
11-22 13:11:14.194 25502 30774 W android.hardware.audio@7.1-impl.ranchu: pcmWrite:259 pcm_writei failed with 'cannot read/write stream data: I/O error' (-1)
11-22 13:11:14.298 25502 30774 W android.hardware.audio@7.1-impl.ranchu: pcmWrite:259 pcm_writei failed with 'cannot read/write stream data: I/O error' (-1)
11-22 13:11:14.406 25502 30774 W android.hardware.audio@7.1-impl.ranchu: pcmWrite:259 pcm_writei failed with 'cannot read/write stream data: I/O error' (-1)
11-22 13:11:14.509 25502 30774 W android.hardware.audio@7.1-impl.ranchu: pcmWrite:259 pcm_writei failed with 'cannot read/write stream data: I/O error' (-1)
11-22 13:11:14.614 25502 30774 W android.hardware.audio@7.1-impl.ranchu: pcmWrite:259 pcm_writei failed with 'cannot read/write stream data: I/O error' (-1)
11-22 13:11:14.717 25502 30774 W android.hardware.audio@7.1-impl.ranchu: pcmWrite:259 pcm_writei failed with 'cannot read/write stream data: I/O error' (-1)
11-22 13:11:14.825 25502 30774 W android.hardware.audio@7.1-impl.ranchu: pcmWrite:259 pcm_writei failed with 'cannot read/write stream data: I/O error' (-1)
11-22 13:11:14.933 25502 30774 W android.hardware.audio@7.1-impl.ranchu: pcmWrite:259 pcm_writei failed with 'cannot read/write stream data: I/O error' (-1)
11-22 13:11:15.038 25502 30774 W android.hardware.audio@7.1-impl.ranchu: pcmWrite:259 pcm_writei failed with 'cannot read/write stream data: I/O error' (-1)
11-22 13:11:15.143 25502 30774 W android.hardware.audio@7.1-impl.ranchu: pcmWrite:259 pcm_writei failed with 'cannot read/write stream data: I/O error' (-1)
11-22 13:11:15.247 25502 30774 W android.hardware.audio@7.1-impl.ranchu: pcmWrite:259 pcm_writei failed with 'cannot read/write stream data: I/O error' (-1)
11-22 13:11:15.350 25502 30774 W android.hardware.audio@7.1-impl.ranchu: pcmWrite:259 pcm_writei failed with 'cannot read/write stream data: I/O error' (-1)
11-22 13:11:15.454 25502 30774 W android.hardware.audio@7.1-impl.ranchu: pcmWrite:259 pcm_writei failed with 'cannot read/write stream data: I/O error' (-1)
11-22 13:11:15.558 25502 30774 W android.hardware.audio@7.1-impl.ranchu: pcmWrite:259 pcm_writei failed with 'cannot read/write stream data: I/O error' (-1)
11-22 13:11:15.664 25502 30774 W android.hardware.audio@7.1-impl.ranchu: pcmWrite:259 pcm_writei failed with 'cannot read/write stream data: I/O error' (-1)
11-22 13:11:15.766 25502 30774 W android.hardware.audio@7.1-impl.ranchu: pcmWrite:259 pcm_writei failed with 'cannot read/write stream data: I/O error' (-1)
11-22 13:11:15.871 25502 30774 W android.hardware.audio@7.1-impl.ranchu: pcmWrite:259 pcm_writei failed with 'cannot read/write stream data: I/O error' (-1)
11-22 13:11:15.975 25502 30774 W android.hardware.audio@7.1-impl.ranchu: pcmWrite:259 pcm_writei failed with 'cannot read/write stream data: I/O error' (-1)
11-22 13:11:16.078 25502 30774 W android.hardware.audio@7.1-impl.ranchu: pcmWrite:259 pcm_writei failed with 'cannot read/write stream data: I/O error' (-1)
11-22 13:11:16.184 25502 30774 W android.hardware.audio@7.1-impl.ranchu: pcmWrite:259 pcm_writei failed with 'cannot read/write stream data: I/O error' (-1)
11-22 13:11:26.212 26538 26660 D PickerSyncController: Error occurred, remaining retry count: 0
11-22 13:11:37.842 25592 25639 E BluetoothPowerStatsCollector: java.util.concurrent.ExecutionException: java.lang.RuntimeException: error: 11
11-22 13:11:37.842 25592 25639 E BluetoothPowerStatsCollector: Caused by: java.lang.RuntimeException: error: 11
11-22 13:11:37.842 25592 25639 E BluetoothPowerStatsCollector: 	at com.android.server.power.stats.BluetoothPowerStatsCollector$1.onBluetoothActivityEnergyInfoError(BluetoothPowerStatsCollector.java:181)
11-22 13:11:47.347 26279 30662 W LogErrorOperation: onLogError callback failed.
11-22 13:11:55.506 26279 30662 W LogErrorOperation: onLogError callback failed.
11-22 13:14:46.890 26103 26883 W HWUI    : Failed to initialize 101010-2 format, error = EGL_SUCCESS
11-22 13:14:52.276 25592 25612 V WindowManager:     startWCT=WindowContainerTransaction { changes= {} hops= [] errorCallbackToken=null taskFragmentOrganizer=null }
11-22 13:14:52.300 29598 29598 E rya     : onError
11-22 13:14:52.300 29598 29598 E rya     : ahif: errorCode: 65561, engine: 2
11-22 13:14:52.300 29598 29598 E rya     : Caused by: ahih: errorCode: 65586, engine: 2
11-22 13:14:52.300 29598 29598 E rya     : Caused by: ahid: errorCode: 401, engine: 2
11-22 13:14:53.045 25592 26613 E TaskPersister: File error accessing recents directory (directory doesn't exist?).
11-22 13:14:53.302 31062 31091 W HWUI    : Failed to initialize 101010-2 format, error = EGL_SUCCESS
11-22 13:14:53.550 25592 25612 V WindowManager:     startWCT=WindowContainerTransaction { changes= {} hops= [] errorCallbackToken=null taskFragmentOrganizer=null }
11-22 13:14:54.600 25592 27211 W HWUI    : Failed to initialize 101010-2 format, error = EGL_SUCCESS
11-22 13:14:57.578 25592 26613 E TaskPersister: File error accessing recents directory (directory doesn't exist?).
11-22 13:15:10.060 25592 25612 V WindowManager:     startWCT=WindowContainerTransaction { changes= {} hops= [] errorCallbackToken=null taskFragmentOrganizer=null }
11-22 13:15:10.205 25502 31130 W android.hardware.audio@7.1-impl.ranchu: pcmWrite:259 pcm_writei failed with 'cannot read/write stream data: I/O error' (-1)
11-22 13:15:10.309 25502 31130 W android.hardware.audio@7.1-impl.ranchu: pcmWrite:259 pcm_writei failed with 'cannot read/write stream data: I/O error' (-1)
11-22 13:15:10.414 25502 31130 W android.hardware.audio@7.1-impl.ranchu: pcmWrite:259 pcm_writei failed with 'cannot read/write stream data: I/O error' (-1)
11-22 13:15:10.521 25502 31130 W android.hardware.audio@7.1-impl.ranchu: pcmWrite:259 pcm_writei failed with 'cannot read/write stream data: I/O error' (-1)
11-22 13:15:10.625 25502 31130 W android.hardware.audio@7.1-impl.ranchu: pcmWrite:259 pcm_writei failed with 'cannot read/write stream data: I/O error' (-1)
11-22 13:15:10.729 25502 31130 W android.hardware.audio@7.1-impl.ranchu: pcmWrite:259 pcm_writei failed with 'cannot read/write stream data: I/O error' (-1)
11-22 13:15:10.833 25502 31130 W android.hardware.audio@7.1-impl.ranchu: pcmWrite:259 pcm_writei failed with 'cannot read/write stream data: I/O error' (-1)
11-22 13:15:10.938 25502 31130 W android.hardware.audio@7.1-impl.ranchu: pcmWrite:259 pcm_writei failed with 'cannot read/write stream data: I/O error' (-1)
11-22 13:15:11.041 25502 31130 W android.hardware.audio@7.1-impl.ranchu: pcmWrite:259 pcm_writei failed with 'cannot read/write stream data: I/O error' (-1)
11-22 13:15:11.161 25502 31130 W android.hardware.audio@7.1-impl.ranchu: pcmWrite:259 pcm_writei failed with 'cannot read/write stream data: I/O error' (-1)
11-22 13:15:11.170 31132 31158 W HWUI    : Failed to initialize 101010-2 format, error = EGL_SUCCESS
11-22 13:15:11.265 25502 31130 W android.hardware.audio@7.1-impl.ranchu: pcmWrite:259 pcm_writei failed with 'cannot read/write stream data: I/O error' (-1)
11-22 13:15:11.347 25592 25613 D CoreBackPreview: Window{71b60d6 u0 Application Error: com.policequiz}: Setting back callback OnBackInvokedCallbackInfo{mCallback=android.window.WindowOnBackInvokedDispatcher$OnBackInvokedCallbackWrapper@5caaee5, mPriority=-1, mIsAnimationCallback=false, mOverrideBehavior=0}
11-22 13:15:11.373 25502 31130 W android.hardware.audio@7.1-impl.ranchu: pcmWrite:259 pcm_writei failed with 'cannot read/write stream data: I/O error' (-1)
11-22 13:15:11.477 25502 31130 W android.hardware.audio@7.1-impl.ranchu: pcmWrite:259 pcm_writei failed with 'cannot read/write stream data: I/O error' (-1)
11-22 13:15:11.582 25502 31130 W android.hardware.audio@7.1-impl.ranchu: pcmWrite:259 pcm_writei failed with 'cannot read/write stream data: I/O error' (-1)
11-22 13:15:11.686 25502 31130 W android.hardware.audio@7.1-impl.ranchu: pcmWrite:259 pcm_writei failed with 'cannot read/write stream data: I/O error' (-1)
11-22 13:15:11.790 25502 31130 W android.hardware.audio@7.1-impl.ranchu: pcmWrite:259 pcm_writei failed with 'cannot read/write stream data: I/O error' (-1)
11-22 13:15:11.861 25592 25612 V WindowManager:     startWCT=WindowContainerTransaction { changes= {} hops= [] errorCallbackToken=null taskFragmentOrganizer=null }
11-22 13:15:11.893 25502 31130 W android.hardware.audio@7.1-impl.ranchu: pcmWrite:259 pcm_writei failed with 'cannot read/write stream data: I/O error' (-1)
11-22 13:15:11.997 25502 31130 W android.hardware.audio@7.1-impl.ranchu: pcmWrite:259 pcm_writei failed with 'cannot read/write stream data: I/O error' (-1)
11-22 13:15:12.105 25502 31130 W android.hardware.audio@7.1-impl.ranchu: pcmWrite:259 pcm_writei failed with 'cannot read/write stream data: I/O error' (-1)
11-22 13:15:12.213 25502 31130 W android.hardware.audio@7.1-impl.ranchu: pcmWrite:259 pcm_writei failed with 'cannot read/write stream data: I/O error' (-1)
11-22 13:15:12.321 25502 31130 W android.hardware.audio@7.1-impl.ranchu: pcmWrite:259 pcm_writei failed with 'cannot read/write stream data: I/O error' (-1)
11-22 13:15:12.425 25502 31130 W android.hardware.audio@7.1-impl.ranchu: pcmWrite:259 pcm_writei failed with 'cannot read/write stream data: I/O error' (-1)
11-22 13:15:12.536 25502 31130 W android.hardware.audio@7.1-impl.ranchu: pcmWrite:259 pcm_writei failed with 'cannot read/write stream data: I/O error' (-1)
11-22 13:15:12.642 25502 31130 W android.hardware.audio@7.1-impl.ranchu: pcmWrite:259 pcm_writei failed with 'cannot read/write stream data: I/O error' (-1)
11-22 13:15:12.753 25502 31130 W android.hardware.audio@7.1-impl.ranchu: pcmWrite:259 pcm_writei failed with 'cannot read/write stream data: I/O error' (-1)
11-22 13:15:12.858 25502 31130 W android.hardware.audio@7.1-impl.ranchu: pcmWrite:259 pcm_writei failed with 'cannot read/write stream data: I/O error' (-1)
11-22 13:15:12.966 25502 31130 W android.hardware.audio@7.1-impl.ranchu: pcmWrite:259 pcm_writei failed with 'cannot read/write stream data: I/O error' (-1)
11-22 13:15:13.070 25502 31130 W android.hardware.audio@7.1-impl.ranchu: pcmWrite:259 pcm_writei failed with 'cannot read/write stream data: I/O error' (-1)
11-22 13:15:13.502 25592 26613 E TaskPersister: File error accessing recents directory (directory doesn't exist?).
11-22 13:15:16.889 31132 31168 E unknown:ReconnectingWebSocket: Error occurred, shutting down websocket connection: Websocket exception
11-22 13:15:25.876 25592 26613 E TaskPersister: File error accessing recents directory (directory doesn't exist?).
11-22 13:15:27.806 25592 25613 D CoreBackPreview: Window{71b60d6 u0 Application Error: com.policequiz}: Setting back callback null
11-22 13:18:17.036 26117 26331 F bluetooth: system/gd/hci/hci_layer.cc:527 on_hardware_error: Hardware Error Event with code 0x42
11-22 13:18:46.813 26103 26883 W HWUI    : Failed to initialize 101010-2 format, error = EGL_SUCCESS
11-22 13:18:47.274 31259 31259 F DEBUG   : Abort message: 'system/gd/hci/hci_layer.cc:527 on_hardware_error: Hardware Error Event with code 0x42'
11-22 13:18:48.384 31316 31341 W bt_btif_sock: system/btif/src/btif_sock.cc:124 btif_sock_init: error initializing socket hal: 1
11-22 13:18:48.391 25592 25736 W BluetoothSystemServer: BluetoothManagerService: bluetooth is recovered from error
11-22 13:18:48.526 25592 27173 D MediaSessionService: onSessionPlaybackStateChanged: record=com.google.android.bluetooth/BluetoothMediaBrowserService/6 (userId=0) playbackState=PlaybackState {state=ERROR(7), position=0, buffered position=0, speed=0.0, updated=30158351, actions=0, custom actions=[], active item id=-1, error=Bluetooth audio disconnected}
11-22 13:18:48.587 25592 26656 D MediaSessionService: onSessionPlaybackStateChanged: record=com.google.android.bluetooth/BluetoothMediaBrowserService/7 (userId=0) playbackState=PlaybackState {state=ERROR(7), position=0, buffered position=0, speed=0.0, updated=30158413, actions=0, custom actions=[], active item id=-1, error=Bluetooth audio disconnected}
11-22 13:19:46.180 25592 25639 E BluetoothPowerStatsCollector: java.util.concurrent.ExecutionException: java.lang.RuntimeException: error: 11
11-22 13:19:46.180 25592 25639 E BluetoothPowerStatsCollector: Caused by: java.lang.RuntimeException: error: 11
11-22 13:19:46.180 25592 25639 E BluetoothPowerStatsCollector: 	at com.android.server.power.stats.BluetoothPowerStatsCollector$1.onBluetoothActivityEnergyInfoError(BluetoothPowerStatsCollector.java:181)
11-22 13:20:47.754 26103 26883 W HWUI    : Failed to initialize 101010-2 format, error = EGL_SUCCESS
11-22 13:20:48.410 25592 25612 V WindowManager:     startWCT=WindowContainerTransaction { changes= {} hops= [] errorCallbackToken=null taskFragmentOrganizer=null }
11-22 13:20:49.421 31478 31506 W HWUI    : Failed to initialize 101010-2 format, error = EGL_SUCCESS
11-22 13:20:49.693 25592 25612 V WindowManager:     startWCT=WindowContainerTransaction { changes= {} hops= [] errorCallbackToken=null taskFragmentOrganizer=null }
11-22 13:20:51.039 25592 27211 W HWUI    : Failed to initialize 101010-2 format, error = EGL_SUCCESS
11-22 13:20:51.791 25592 26613 E TaskPersister: File error accessing recents directory (directory doesn't exist?).
11-22 13:21:04.971 25592 25612 V WindowManager:     startWCT=WindowContainerTransaction { changes= {} hops= [] errorCallbackToken=null taskFragmentOrganizer=null }
11-22 13:21:06.117 31525 31549 W HWUI    : Failed to initialize 101010-2 format, error = EGL_SUCCESS
11-22 13:21:06.319 25592 25613 D CoreBackPreview: Window{e1afa0d u0 Application Error: com.policequiz}: Setting back callback OnBackInvokedCallbackInfo{mCallback=android.window.WindowOnBackInvokedDispatcher$OnBackInvokedCallbackWrapper@f12231a, mPriority=-1, mIsAnimationCallback=false, mOverrideBehavior=0}
11-22 13:21:06.775 25592 25612 V WindowManager:     startWCT=WindowContainerTransaction { changes= {} hops= [] errorCallbackToken=null taskFragmentOrganizer=null }
11-22 13:21:08.887 25592 26613 E TaskPersister: File error accessing recents directory (directory doesn't exist?).
11-22 13:21:09.287 25592 25613 D CoreBackPreview: Window{e1afa0d u0 Application Error: com.policequiz}: Setting back callback null
11-22 13:21:09.383 25592 25612 V WindowManager:     startWCT=WindowContainerTransaction { changes= {} hops= [] errorCallbackToken=null taskFragmentOrganizer=null }
11-22 13:21:09.407 26183 31574 W HWUI    : Failed to initialize 101010-2 format, error = EGL_SUCCESS
11-22 13:21:09.608 25592 25639 E BluetoothPowerStatsCollector: java.util.concurrent.ExecutionException: java.lang.RuntimeException: error: 11
11-22 13:21:09.608 25592 25639 E BluetoothPowerStatsCollector: Caused by: java.lang.RuntimeException: error: 11
11-22 13:21:09.608 25592 25639 E BluetoothPowerStatsCollector: 	at com.android.server.power.stats.BluetoothPowerStatsCollector$1.onBluetoothActivityEnergyInfoError(BluetoothPowerStatsCollector.java:181)
11-22 13:21:09.613 25592 25612 V WindowManager:     startWCT=WindowContainerTransaction { changes= {} hops= [] errorCallbackToken=null taskFragmentOrganizer=null }
11-22 13:21:09.688 25592 25639 E BluetoothPowerStatsCollector: java.util.concurrent.ExecutionException: java.lang.RuntimeException: error: 11
11-22 13:21:09.688 25592 25639 E BluetoothPowerStatsCollector: Caused by: java.lang.RuntimeException: error: 11
11-22 13:21:09.688 25592 25639 E BluetoothPowerStatsCollector: 	at com.android.server.power.stats.BluetoothPowerStatsCollector$1.onBluetoothActivityEnergyInfoError(BluetoothPowerStatsCollector.java:181)
11-22 13:21:09.756 25592 31588 W HWUI    : Failed to initialize 101010-2 format, error = EGL_SUCCESS
11-22 13:21:10.813 26279 30388 W PhBaseOp: Phenotype API error. Event: # hrqk@267f20ee, EventCode: GET_EXP [CONTEXT service_id=51 ]
11-22 13:21:13.350 25592 26613 E TaskPersister: File error accessing recents directory (directory doesn't exist?).
11-22 13:21:25.954 25592 26613 E TaskPersister: File error accessing recents directory (directory doesn't exist?).
11-22 13:21:25.980 25592 26613 E TaskPersister: File error accessing recents directory (directory doesn't exist?).
11-22 13:21:26.145 25592 25612 V WindowManager:     startWCT=WindowContainerTransaction { changes= {} hops= [] errorCallbackToken=null taskFragmentOrganizer=null }
11-22 13:21:29.679 25592 26613 E TaskPersister: File error accessing recents directory (directory doesn't exist?).
11-22 13:22:16.618 26279 31474 W LogErrorOperation: onLogError callback failed.
11-22 13:23:39.028 26103 26883 W HWUI    : Failed to initialize 101010-2 format, error = EGL_SUCCESS
11-22 13:23:39.201 29598 29598 E rya     : onError
11-22 13:23:39.201 29598 29598 E rya     : ahif: errorCode: 65561, engine: 2
11-22 13:23:39.201 29598 29598 E rya     : Caused by: ahih: errorCode: 65586, engine: 2
11-22 13:23:39.201 29598 29598 E rya     : Caused by: ahid: errorCode: 401, engine: 2
11-22 13:23:49.935 30760 30796 E QuickAccessWalletKeyguardQuickAffordanceConfig: Wallet card retrieval error, message: "null"
11-22 13:23:49.940 30760 30796 E QuickAccessWalletKeyguardQuickAffordanceConfig: Wallet card retrieval error, message: "null"
11-22 13:23:49.940 30760 30796 E QuickAccessWalletKeyguardQuickAffordanceConfig: Wallet card retrieval error, message: "null"
11-22 13:23:53.206 25592 25612 V WindowManager:     startWCT=WindowContainerTransaction { changes= {} hops= [] errorCallbackToken=null taskFragmentOrganizer=null }
11-22 13:23:53.257 25592 31588 W HWUI    : Failed to initialize 101010-2 format, error = EGL_SUCCESS
11-22 13:23:54.069 31881 31900 W HWUI    : Failed to initialize 101010-2 format, error = EGL_SUCCESS
11-22 13:23:54.286 25592 25612 V WindowManager:     startWCT=WindowContainerTransaction { changes= {} hops= [] errorCallbackToken=null taskFragmentOrganizer=null }
11-22 13:23:55.292 25592 27211 W HWUI    : Failed to initialize 101010-2 format, error = EGL_SUCCESS
11-22 13:23:56.512 25592 25612 V WindowManager:     startWCT=WindowContainerTransaction { changes= {} hops= [] errorCallbackToken=null taskFragmentOrganizer=null }
11-22 13:23:57.250 31923 31942 W HWUI    : Failed to initialize 101010-2 format, error = EGL_SUCCESS
11-22 13:23:57.372 25592 25613 D CoreBackPreview: Window{9ecee6c u0 Application Error: com.policequiz}: Setting back callback OnBackInvokedCallbackInfo{mCallback=android.w