11-22 13:03:17.269 27636 27948 E Finsky  : [53] VerifyApps: Error looking up package com.google.android.uwb.resources.goldfish.overlay during XLB scan : Attempt to read from field 'java.lang.Object azlh.a' on a null object reference in method 'java.lang.Object npu.apply(java.lang.Object)'
11-22 13:03:17.270 27636 27948 E Finsky  : [53] VerifyApps: Error looking up package com.android.traceur during XLB scan : Attempt to read from field 'java.lang.Object azlh.a' on a null object reference in method 'java.lang.Object npu.apply(java.lang.Object)'
11-22 13:03:17.270 27636 27948 E Finsky  : [53] VerifyApps: Error looking up package com.android.storagemanager.auto_generated_rro_product__ during XLB scan : Attempt to read from field 'java.lang.Object azlh.a' on a null object reference in method 'java.lang.Object npu.apply(java.lang.Object)'
11-22 13:03:17.270 27636 27948 E Finsky  : [53] VerifyApps: Error looking up package com.google.android.cellbroadcastreceiver during XLB scan : Attempt to read from field 'java.lang.Object azlh.a' on a null object reference in method 'java.lang.Object npu.apply(java.lang.Object)'
11-22 13:03:17.270 27636 27948 E Finsky  : [53] VerifyApps: Error looking up package com.android.phone.auto_generated_rro_product__ during XLB scan : Attempt to read from field 'java.lang.Object azlh.a' on a null object reference in method 'java.lang.Object npu.apply(java.lang.Object)'
11-22 13:03:17.270 27636 27948 E Finsky  : [53] VerifyApps: Error looking up package com.android.systemui.emulation.pixel_9_pro_fold during XLB scan : Attempt to read from field 'java.lang.Object azlh.a' on a null object reference in method 'java.lang.Object npu.apply(java.lang.Object)'
11-22 13:03:17.270 27636 27948 E Finsky  : [53] VerifyApps: Error looking up package android.auto_generated_rro_product__ during XLB scan : Attempt to read from field 'java.lang.Object azlh.a' on a null object reference in method 'java.lang.Object npu.apply(java.lang.Object)'
11-22 13:03:17.270 27636 27948 E Finsky  : [53] VerifyApps: Error looking up package com.android.bluetooth during XLB scan : Attempt to read from field 'java.lang.Object azlh.a' on a null object reference in method 'java.lang.Object npu.apply(java.lang.Object)'
11-22 13:03:17.270 27636 27948 E Finsky  : [53] VerifyApps: Error looking up package com.android.providers.contacts during XLB scan : Attempt to read from field 'java.lang.Object azlh.a' on a null object reference in method 'java.lang.Object npu.apply(java.lang.Object)'
11-22 13:03:17.273 27636 27948 E Finsky  : [53] VerifyApps: Error looking up package com.android.devicelockcontroller during XLB scan : Attempt to read from field 'java.lang.Object azlh.a' on a null object reference in method 'java.lang.Object npu.apply(java.lang.Object)'
11-22 13:03:17.273 27636 27948 E Finsky  : [53] VerifyApps: Error looking up package com.google.android.photopicker during XLB scan : Attempt to read from field 'java.lang.Object azlh.a' on a null object reference in method 'java.lang.Object npu.apply(java.lang.Object)'
11-22 13:03:17.274 27636 27948 E Finsky  : [53] VerifyApps: Error looking up package com.google.android.inputmethod.latin during XLB scan : Attempt to read from field 'java.lang.Object azlh.a' on a null object reference in method 'java.lang.Object npu.apply(java.lang.Object)'
11-22 13:03:17.274 27636 27948 E Finsky  : [53] VerifyApps: Error looking up package android.auto_generated_rro_vendor__ during XLB scan : Attempt to read from field 'java.lang.Object azlh.a' on a null object reference in method 'java.lang.Object npu.apply(java.lang.Object)'
11-22 13:03:17.274 27636 27948 E Finsky  : [53] VerifyApps: Error looking up package com.google.android.apps.restore during XLB scan : Attempt to read from field 'java.lang.Object azlh.a' on a null object reference in method 'java.lang.Object npu.apply(java.lang.Object)'
11-22 13:03:17.331 27285 29101 E IPCThreadState: Binder transaction failure. id: 4159735, BR_*: 29201, error: -28 (No space left on device)
11-22 13:03:17.342 25592 25625 W ActivityManager: pid 27285 com.google.android.gms sent binder code 1 with flags 2 to frozen apps and got error -2147483646
11-22 13:03:17.342 25592 25625 D ActivityManager: Too many transaction errors, throttling freezer binder callback.
11-22 13:03:17.775   468  1168 E IPCThreadState: Binder transaction failure. id: 4160208, BR_*: 29189, error: -22 (Invalid argument)
11-22 13:03:18.344 26279 26398 W PhBaseOp: Phenotype API error. Event: # hrqk@94a954ec, EventCode: COMMIT_CONFIG [CONTEXT service_id=51 ]
11-22 13:03:18.883 26279 27176 W LogErrorOperation: onLogError callback failed.
11-22 13:03:19.559 26279 26398 W PhBaseOp: Phenotype API error. Event: # hrqk@49d6273b, EventCode: GET_STORAGE_INFO [CONTEXT service_id=51 ]
11-22 13:03:23.499 26279 26398 W PhBaseOp: Phenotype API error. Event: # hrqk@ddb68843, EventCode: COMMIT_CONFIG [CONTEXT service_id=51 ]
11-22 13:03:23.746 26279 26279 D BoundBrokerSvc: onRebind: Intent { act=com.google.android.gms.apperrors.service.START_APP_ERROR dat=chimera-action:/... xflg=0x4 cmp=com.google.android.gms/.chimera.PersistentApiService }
11-22 13:03:23.776 26279 26398 W PhBaseOp: Phenotype API error. Event: # hrqk@68fd4b76, EventCode: COMMIT_CONFIG [CONTEXT service_id=51 ]
11-22 13:03:23.832 27636 27979 W Finsky  : [63] Frosting: Failed to get Frosting Creation Time for com.android.hardware.contexthub. Error: com.android.hardware.contexthub
11-22 13:03:23.841 27636 27979 W Finsky  : [63] Frosting: Failed to get Frosting Creation Time for com.android.hardware.authsecret. Error: com.android.hardware.authsecret
11-22 13:03:23.963 26279 26398 W PhBaseOp: Phenotype API error. Event: # hrqk@5d0df5b9, EventCode: COMMIT_CONFIG [CONTEXT service_id=51 ]
11-22 13:03:24.025 27636 27979 W Finsky  : [63] Frosting: Failed to get Frosting Creation Time for com.android.apex.cts.shim. Error: com.android.apex.cts.shim
11-22 13:03:24.063 26279 26398 W PhBaseOp: Phenotype API error. Event: # hrqk@3e2863ad, EventCode: COMMIT_CONFIG [CONTEXT service_id=51 ]
11-22 13:03:24.081 27636 27979 W Finsky  : [63] Frosting: Failed to get Frosting Creation Time for com.android.hardware.thermal. Error: com.android.hardware.thermal
11-22 13:03:24.102 26279 26398 W PhBaseOp: Phenotype API error. Event: # hrqk@5a05d82b, EventCode: COMMIT_CONFIG [CONTEXT service_id=51 ]
11-22 13:03:24.111 26279 26398 W PhBaseOp: Phenotype API error. Event: # hrqk@2b41f0a8, EventCode: COMMIT_CONFIG [CONTEXT service_id=51 ]
11-22 13:03:24.263 26279 26818 E IPCThreadState: Binder transaction failure. id: 4165555, BR_*: 29189, error: -22 (Invalid argument)
11-22 13:03:24.264 25592 26015 W ActivityManager: pid 26279 com.google.android.gms.persistent sent binder code 2 with flags 1 to frozen apps and got error -32
11-22 13:03:24.267 26279 26818 W FlagUpdateListenerRegis: Unable to invoke IFlagUpdateListener.onFlagUpdate. App: com.google.android.gms. Process: com.google.android.gms|6807663. Error: android.os.DeadObjectException. [CONTEXT service_id=51 ]
11-22 13:03:24.268 26279 26398 W PhBaseOp: Phenotype API error. Event: # hrqk@5a05d82b, EventCode: COMMIT_CONFIG [CONTEXT service_id=51 ]
11-22 13:03:24.357 26279 26398 W PhBaseOp: Phenotype API error. Event: # hrqk@657a77b9, EventCode: COMMIT_CONFIG [CONTEXT service_id=51 ]
11-22 13:03:24.408 26279 26818 W PhBaseOp: Phenotype API error. Event: # hrqk@a1412805, EventCode: COMMIT_CONFIG [CONTEXT service_id=51 ]
11-22 13:03:24.446 27636 27979 W Finsky  : [63] Frosting: Failed to get Frosting Creation Time for com.android.hardware.uwb. Error: com.android.hardware.uwb
11-22 13:03:24.462 27636 27979 W Finsky  : [63] Frosting: Failed to get Frosting Creation Time for com.android.virt. Error: com.android.virt
11-22 13:03:24.466 27636 27979 W Finsky  : [63] Frosting: Failed to get Frosting Creation Time for com.android.hardware.neuralnetworks. Error: com.android.hardware.neuralnetworks
11-22 13:03:24.496 27636 27979 W Finsky  : [63] Frosting: Failed to get Frosting Creation Time for com.android.i18n. Error: com.android.i18n
11-22 13:03:24.556 27636 27979 W Finsky  : [63] Frosting: Failed to get Frosting Creation Time for com.android.hardware.dumpstate. Error: com.android.hardware.dumpstate
11-22 13:03:24.648 27636 27979 W Finsky  : [63] Frosting: Failed to get Frosting Creation Time for com.android.hardware.cas. Error: com.android.hardware.cas
11-22 13:03:24.690 26279 26818 W PhBaseOp: Phenotype API error. Event: # hrqk@fae102a7, EventCode: COMMIT_CONFIG [CONTEXT service_id=51 ]
11-22 13:03:24.700 26279 26398 W PhBaseOp: Phenotype API error. Event: # hrqk@1036814b, EventCode: COMMIT_CONFIG [CONTEXT service_id=51 ]
11-22 13:03:24.711 26279 26398 W PhBaseOp: Phenotype API error. Event: # hrqk@50529aff, EventCode: COMMIT_CONFIG [CONTEXT service_id=51 ]
11-22 13:03:24.719 26279 26398 W PhBaseOp: Phenotype API error. Event: # hrqk@eb2a462b, EventCode: COMMIT_CONFIG [CONTEXT service_id=51 ]
11-22 13:03:24.719 27636 27979 W Finsky  : [63] Frosting: Failed to get Frosting Creation Time for com.google.android.runtime. Error: com.google.android.runtime
11-22 13:03:24.725 27636 27979 W Finsky  : [63] Frosting: Failed to get Frosting Creation Time for com.android.devicelock. Error: com.android.devicelock
11-22 13:03:24.754 27636 27979 W Finsky  : [63] Frosting: Failed to get Frosting Creation Time for com.android.hardware.power. Error: com.android.hardware.power
11-22 13:03:24.877 26279 26818 W PhBaseOp: Phenotype API error. Event: # hrqk@81c2e1e7, EventCode: COMMIT_CONFIG [CONTEXT service_id=51 ]
11-22 13:03:24.906 26279 26398 W PhBaseOp: Phenotype API error. Event: # hrqk@f6694d8e, EventCode: COMMIT_CONFIG [CONTEXT service_id=51 ]
11-22 13:03:26.731 27285 29098 I AppLinksHostsVerifierV2: (REDACTED) Verification %s complete. Successful hosts: %s. Failed hosts: %s. Error hosts: %s.
11-22 13:03:27.042 27636 27979 W Finsky  : [63] Frosting: Failed to get Frosting Creation Time for com.android.hardware.rebootescrow. Error: com.android.hardware.rebootescrow
11-22 13:03:27.938 26279 26398 W PhBaseOp: Phenotype API error. Event: # hrqk@1b5d4d39, EventCode: COMMIT_CONFIG [CONTEXT service_id=51 ]
11-22 13:03:28.016 25592 26662 W ActivityManager: pid 29180 com.android.phone sent binder code 58 with flags 2 to frozen apps and got error -74
11-22 13:03:28.017 25592 26662 D ActivityManager: Too many transaction errors, throttling freezer binder callback.
11-22 13:03:28.471 26279 26818 W PhBaseOp: Phenotype API error. Event: # hrqk@91b5e607, EventCode: COMMIT_CONFIG [CONTEXT service_id=51 ]
11-22 13:03:29.435 26279 26279 D BoundBrokerSvc: onUnbind: Intent { act=com.google.android.gms.apperrors.service.START_APP_ERROR dat=chimera-action:/... xflg=0x4 cmp=com.google.android.gms/.chimera.PersistentApiService }
11-22 13:03:29.466 26279 26394 W SemanticLocation: [ClearcutCounters] Clearcut: error uploading [CONTEXT service_id=173 ]
11-22 13:03:29.562 26279 26818 W PhBaseOp: Phenotype API error. Event: # hrqk@c779b7f7, EventCode: COMMIT_CONFIG [CONTEXT service_id=51 ]
11-22 13:03:29.601 26279 26398 W PhBaseOp: Phenotype API error. Event: # hrqk@24a947b, EventCode: COMMIT_CONFIG [CONTEXT service_id=51 ]
11-22 13:03:29.882 26279 26398 W PhBaseOp: Phenotype API error. Event: # hrqk@5a053ef2, EventCode: COMMIT_CONFIG [CONTEXT service_id=51 ]
11-22 13:03:30.199 27636 27979 W Finsky  : [63] Frosting: Failed to get Frosting Creation Time for com.android.hardware.gatekeeper. Error: com.android.hardware.gatekeeper
11-22 13:03:35.011 26279 28055 W LogErrorOperation: onLogError callback failed.
11-22 13:03:35.425 26279 26279 D BoundBrokerSvc: onRebind: Intent { act=com.google.android.gms.apperrors.service.START_APP_ERROR dat=chimera-action:/... xflg=0x4 cmp=com.google.android.gms/.chimera.PersistentApiService }
11-22 13:03:56.820 26279 26279 D BoundBrokerSvc: onUnbind: Intent { act=com.google.android.gms.apperrors.service.START_APP_ERROR dat=chimera-action:/... xflg=0x4 cmp=com.google.android.gms/.chimera.PersistentApiService }
11-22 13:04:04.124 29180 29349 D SatelliteServiceUtils: isSatelliteSupported error: 10
11-22 13:04:10.373 26634 26634 E rya     : onError
11-22 13:04:10.373 26634 26634 E rya     : ahif: errorCode: 65561, engine: 2
11-22 13:04:10.373 26634 26634 E rya     : Caused by: ahih: errorCode: 65586, engine: 2
11-22 13:04:10.373 26634 26634 E rya     : Caused by: ahid: errorCode: 401, engine: 2
11-22 13:04:11.176 27285 29385 V NativeCrypto: Read error: ssl=0xb4000075a61b9918: I/O error during system call, Software caused connection abort
11-22 13:04:11.404 27285 27816 V NativeCrypto: Write error: ssl=0xb4000075a61b9918: I/O error during system call, Broken pipe
11-22 13:04:11.484 26279 27399 V NativeCrypto: Read error: ssl=0xb4000075a61b4a58: I/O error during system call, Software caused connection abort
11-22 13:04:11.739 27285 27816 V NativeCrypto: SSL shutdown failed: ssl=0xb4000075a61b9918: I/O error during system call, Success
11-22 13:04:12.323 26279 29379 V NativeCrypto: SSL shutdown failed: ssl=0xb4000075a61b4a58: I/O error during system call, Broken pipe
11-22 13:04:12.554 27636 27865 E Finsky  : [46] Error fetching preloads
11-22 13:04:12.554 27636 27865 E Finsky  : java.util.concurrent.ExecutionException: com.android.volley.NoConnectionError: org.chromium.net.impl.NetworkExceptionImpl: Exception in CronetUrlRequest: net::ERR_INTERNET_DISCONNECTED, ErrorCode=2, InternalErrorCode=-106, Retryable=false
11-22 13:04:12.554 27636 27865 E Finsky  : Caused by: com.android.volley.NoConnectionError: org.chromium.net.impl.NetworkExceptionImpl: Exception in CronetUrlRequest: net::ERR_INTERNET_DISCONNECTED, ErrorCode=2, InternalErrorCode=-106, Retryable=false
11-22 13:04:12.554 27636 27865 E Finsky  : Caused by: org.chromium.net.impl.NetworkExceptionImpl: Exception in CronetUrlRequest: net::ERR_INTERNET_DISCONNECTED, ErrorCode=2, InternalErrorCode=-106, Retryable=false
11-22 13:04:12.554 27636 27865 E Finsky  : 	at org.chromium.net.impl.CronetUrlRequest.onError(PG:66)
11-22 13:04:12.555 27636 27865 E Finsky  : [46] setup::PAI: Error prefetching preloads, using account=null, preloads=[0|], preloadRros=[0|], preloadGroups=[], unavailablePreloads=[0|]
11-22 13:04:12.555 27636 27865 E Finsky  : com.google.android.finsky.setup.fetchers.RawDocumentsFetchException: com.google.android.finsky.networkrequests.NetworkRequestException: com.android.volley.NoConnectionError: org.chromium.net.impl.NetworkExceptionImpl: Exception in CronetUrlRequest: net::ERR_INTERNET_DISCONNECTED, ErrorCode=2, InternalErrorCode=-106, Retryable=false[reason=unknown, account=null]
11-22 13:04:12.555 27636 27865 E Finsky  : Caused by: com.google.android.finsky.networkrequests.NetworkRequestException: com.android.volley.NoConnectionError: org.chromium.net.impl.NetworkExceptionImpl: Exception in CronetUrlRequest: net::ERR_INTERNET_DISCONNECTED, ErrorCode=2, InternalErrorCode=-106, Retryable=false
11-22 13:04:12.555 27636 27865 E Finsky  : Caused by: com.android.volley.NoConnectionError: org.chromium.net.impl.NetworkExceptionImpl: Exception in CronetUrlRequest: net::ERR_INTERNET_DISCONNECTED, ErrorCode=2, InternalErrorCode=-106, Retryable=false
11-22 13:04:12.555 27636 27865 E Finsky  : Caused by: org.chromium.net.impl.NetworkExceptionImpl: Exception in CronetUrlRequest: net::ERR_INTERNET_DISCONNECTED, ErrorCode=2, InternalErrorCode=-106, Retryable=false
11-22 13:04:12.555 27636 27865 E Finsky  : 	at org.chromium.net.impl.CronetUrlRequest.onError(PG:66)
11-22 13:04:13.255 27636 27636 W Finsky  : [2] STU: Failed to get storage stats for package 'com.android.hardware.threadnetwork' (1601: Error getting stats: android.content.pm.PackageManager.NameNotFoundException)
11-22 13:04:14.395 26279 26818 E IPCThreadState: Binder transaction failure. id: 4183936, BR_*: 29189, error: -22 (Invalid argument)
11-22 13:04:14.399 26279 26398 E IPCThreadState: Binder transaction failure. id: 4183943, BR_*: 29189, error: -22 (Invalid argument)
11-22 13:04:14.399 26279 26398 D ActivityThread: Too many transaction errors, throttling freezer binder callback.
11-22 13:04:14.401 26279 26818 E IPCThreadState: Binder transaction failure. id: 4183946, BR_*: 29189, error: -22 (Invalid argument)
11-22 13:04:14.401 26279 26818 D ActivityThread: Too many transaction errors, throttling freezer binder callback.
11-22 13:04:14.404 26279 26398 E IPCThreadState: Binder transaction failure. id: 4183948, BR_*: 29189, error: -22 (Invalid argument)
11-22 13:04:14.404 26279 26398 D ActivityThread: Too many transaction errors, throttling freezer binder callback.
11-22 13:04:14.408 26279 26818 E IPCThreadState: Binder transaction failure. id: 4183956, BR_*: 29189, error: -22 (Invalid argument)
11-22 13:04:14.408 26279 26818 D ActivityThread: Too many transaction errors, throttling freezer binder callback.
11-22 13:04:14.414 26279 26818 E IPCThreadState: Binder transaction failure. id: 4183964, BR_*: 29189, error: -22 (Invalid argument)
11-22 13:04:14.414 26279 26818 D ActivityThread: Too many transaction errors, throttling freezer binder callback.
11-22 13:04:14.423 26279 26818 E IPCThreadState: Binder transaction failure. id: 4183970, BR_*: 29189, error: -22 (Invalid argument)
11-22 13:04:14.423 26279 26818 D ActivityThread: Too many transaction errors, throttling freezer binder callback.
11-22 13:04:14.430 26279 26398 E IPCThreadState: Binder transaction failure. id: 4183976, BR_*: 29189, error: -22 (Invalid argument)
11-22 13:04:14.430 26279 26398 D ActivityThread: Too many transaction errors, throttling freezer binder callback.
11-22 13:04:14.430 26279 26818 E IPCThreadState: Binder transaction failure. id: 4183977, BR_*: 29189, error: -22 (Invalid argument)
11-22 13:04:14.430 26279 26818 D ActivityThread: Too many transaction errors, throttling freezer binder callback.
11-22 13:04:14.439 26279 26398 E IPCThreadState: Binder transaction failure. id: 4183985, BR_*: 29189, error: -22 (Invalid argument)
11-22 13:04:14.444 26279 26398 D ActivityThread: Too many transaction errors, throttling freezer binder callback.
11-22 13:04:14.449 26279 26398 E IPCThreadState: Binder transaction failure. id: 4183993, BR_*: 29189, error: -22 (Invalid argument)
11-22 13:04:14.449 26279 26398 D ActivityThread: Too many transaction errors, throttling freezer binder callback.
11-22 13:04:14.451 26279 26398 E IPCThreadState: Binder transaction failure. id: 4183998, BR_*: 29189, error: -22 (Invalid argument)
11-22 13:04:14.451 26279 26398 D ActivityThread: Too many transaction errors, throttling freezer binder callback.
11-22 13:04:14.456 26279 26398 E IPCThreadState: Binder transaction failure. id: 4184004, BR_*: 29189, error: -22 (Invalid argument)
11-22 13:04:14.456 26279 26398 D ActivityThread: Too many transaction errors, throttling freezer binder callback.
11-22 13:04:14.465 26279 26398 E IPCThreadState: Binder transaction failure. id: 4184029, BR_*: 29189, error: -22 (Invalid argument)
11-22 13:04:14.465 26279 26398 D ActivityThread: Too many transaction errors, throttling freezer binder callback.
11-22 13:04:14.469 26279 26398 E IPCThreadState: Binder transaction failure. id: 4184032, BR_*: 29189, error: -22 (Invalid argument)
11-22 13:04:14.469 26279 26398 D ActivityThread: Too many transaction errors, throttling freezer binder callback.
11-22 13:04:14.516 26279 26398 E IPCThreadState: Binder transaction failure. id: 4184072, BR_*: 29189, error: -22 (Invalid argument)
11-22 13:04:14.516 26279 26398 D ActivityThread: Too many transaction errors, throttling freezer binder callback.
11-22 13:04:14.522 26279 26398 E IPCThreadState: Binder transaction failure. id: 4184077, BR_*: 29189, error: -22 (Invalid argument)
11-22 13:04:14.522 26279 26398 D ActivityThread: Too many transaction errors, throttling freezer binder callback.
11-22 13:04:14.789 26279 26818 E IPCThreadState: Binder transaction failure. id: 4183986, BR_*: 29189, error: -22 (Invalid argument)
11-22 13:04:14.790 26279 26818 D ActivityThread: Too many transaction errors, throttling freezer binder callback.
11-22 13:04:15.466 26279 28055 E IPCThreadState: Binder transaction failure. id: 4184505, BR_*: 29189, error: -22 (Invalid argument)
11-22 13:04:15.466 26279 28055 D ActivityThread: Too many transaction errors, throttling freezer binder callback.
11-22 13:04:15.593 27636 27636 W Finsky  : [2] STU: Failed to get storage stats for package 'com.android.hardware.vibrator' (1601: Error getting stats: android.content.pm.PackageManager.NameNotFoundException)
11-22 13:04:15.670 25592 25671 W ActivityManager: pid 27715 com.google.android.inputmethod.latin sent binder code 2 with flags 1 to frozen apps and got error -32
11-22 13:04:15.764 27636 27636 E Finsky  : network time: 164, HTTP status code: na, exception com.android.volley.NoConnectionError: org.chromium.net.impl.NetworkExceptionImpl: Exception in CronetUrlRequest: net::ERR_INTERNET_DISCONNECTED, ErrorCode=2, InternalErrorCode=-106, Retryable=false
11-22 13:04:15.764 27636 27636 E Finsky  : Caused by: com.android.volley.NoConnectionError: org.chromium.net.impl.NetworkExceptionImpl: Exception in CronetUrlRequest: net::ERR_INTERNET_DISCONNECTED, ErrorCode=2, InternalErrorCode=-106, Retryable=false
11-22 13:04:15.764 27636 27636 E Finsky  : Caused by: org.chromium.net.impl.NetworkExceptionImpl: Exception in CronetUrlRequest: net::ERR_INTERNET_DISCONNECTED, ErrorCode=2, InternalErrorCode=-106, Retryable=false
11-22 13:04:15.764 27636 27636 E Finsky  : 	at org.chromium.net.impl.CronetUrlRequest.onError(PG:66)
11-22 13:04:15.813 27636 27979 E Finsky  : com.google.android.finsky.unifiedsync.SyncExceptions$SyncCompositeException: CompositeException occurred containing 1 exception(s), unique errors: [Sync failed for account: null, payloads: [9], and cause: org.chromium.net.impl.NetworkExceptionImpl: Exception in CronetUrlRequest: net::ERR_INTERNET_DISCONNECTED, ErrorCode=2, InternalErrorCode=-106, Retryable=false]
11-22 13:04:15.813 27636 27979 E Finsky  : Caused by: com.google.android.finsky.unifiedsync.SyncExceptions$WrappedSyncException: Sync failed for account: null, payloads: [9], and cause: org.chromium.net.impl.NetworkExceptionImpl: Exception in CronetUrlRequest: net::ERR_INTERNET_DISCONNECTED, ErrorCode=2, InternalErrorCode=-106, Retryable=false
11-22 13:04:15.813 27636 27979 E Finsky  : Caused by: network time: 164, HTTP status code: na, exception com.android.volley.NoConnectionError: org.chromium.net.impl.NetworkExceptionImpl: Exception in CronetUrlRequest: net::ERR_INTERNET_DISCONNECTED, ErrorCode=2, InternalErrorCode=-106, Retryable=false
11-22 13:04:15.813 27636 27979 E Finsky  : Caused by: com.android.volley.NoConnectionError: org.chromium.net.impl.NetworkExceptionImpl: Exception in CronetUrlRequest: net::ERR_INTERNET_DISCONNECTED, ErrorCode=2, InternalErrorCode=-106, Retryable=false
11-22 13:04:15.813 27636 27979 E Finsky  : Caused by: org.chromium.net.impl.NetworkExceptionImpl: Exception in CronetUrlRequest: net::ERR_INTERNET_DISCONNECTED, ErrorCode=2, InternalErrorCode=-106, Retryable=false
11-22 13:04:15.813 27636 27979 E Finsky  : 	at org.chromium.net.impl.CronetUrlRequest.onError(PG:66)
11-22 13:04:15.816 27636 27979 E Finsky  : com.google.android.finsky.unifiedsync.SyncExceptions$SyncCompositeException: CompositeException occurred containing 1 exception(s), unique errors: [Sync failed for account: null, payloads: [9], and cause: org.chromium.net.impl.NetworkExceptionImpl: Exception in CronetUrlRequest: net::ERR_INTERNET_DISCONNECTED, ErrorCode=2, InternalErrorCode=-106, Retryable=false]
11-22 13:04:15.816 27636 27979 E Finsky  : Caused by: com.google.android.finsky.unifiedsync.SyncExceptions$WrappedSyncException: Sync failed for account: null, payloads: [9], and cause: org.chromium.net.impl.NetworkExceptionImpl: Exception in CronetUrlRequest: net::ERR_INTERNET_DISCONNECTED, ErrorCode=2, InternalErrorCode=-106, Retryable=false
11-22 13:04:15.816 27636 27979 E Finsky  : Caused by: network time: 164, HTTP status code: na, exception com.android.volley.NoConnectionError: org.chromium.net.impl.NetworkExceptionImpl: Exception in CronetUrlRequest: net::ERR_INTERNET_DISCONNECTED, ErrorCode=2, InternalErrorCode=-106, Retryable=false
11-22 13:04:15.816 27636 27979 E Finsky  : Caused by: com.android.volley.NoConnectionError: org.chromium.net.impl.NetworkExceptionImpl: Exception in CronetUrlRequest: net::ERR_INTERNET_DISCONNECTED, ErrorCode=2, InternalErrorCode=-106, Retryable=false
11-22 13:04:15.816 27636 27979 E Finsky  : Caused by: org.chromium.net.impl.NetworkExceptionImpl: Exception in CronetUrlRequest: net::ERR_INTERNET_DISCONNECTED, ErrorCode=2, InternalErrorCode=-106, Retryable=false
11-22 13:04:15.816 27636 27979 E Finsky  : 	at org.chromium.net.impl.CronetUrlRequest.onError(PG:66)
11-22 13:04:15.816 27636 27979 E Finsky  : [63] [SIM] Error refreshing carrier properties
11-22 13:04:15.816 27636 27979 E Finsky  : com.google.android.finsky.unifiedsync.SyncExceptions$SyncCompositeException: CompositeException occurred containing 1 exception(s), unique errors: [Sync failed for account: null, payloads: [9], and cause: org.chromium.net.impl.NetworkExceptionImpl: Exception in CronetUrlRequest: net::ERR_INTERNET_DISCONNECTED, ErrorCode=2, InternalErrorCode=-106, Retryable=false]
11-22 13:04:15.816 27636 27979 E Finsky  : Caused by: com.google.android.finsky.unifiedsync.SyncExceptions$WrappedSyncException: Sync failed for account: null, payloads: [9], and cause: org.chromium.net.impl.NetworkExceptionImpl: Exception in CronetUrlRequest: net::ERR_INTERNET_DISCONNECTED, ErrorCode=2, InternalErrorCode=-106, Retryable=false
11-22 13:04:15.816 27636 27979 E Finsky  : Caused by: network time: 164, HTTP status code: na, exception com.android.volley.NoConnectionError: org.chromium.net.impl.NetworkExceptionImpl: Exception in CronetUrlRequest: net::ERR_INTERNET_DISCONNECTED, ErrorCode=2, InternalErrorCode=-106, Retryable=false
11-22 13:04:15.816 27636 27979 E Finsky  : Caused by: com.android.volley.NoConnectionError: org.chromium.net.impl.NetworkExceptionImpl: Exception in CronetUrlRequest: net::ERR_INTERNET_DISCONNECTED, ErrorCode=2, InternalErrorCode=-106, Retryable=false
11-22 13:04:15.816 27636 27979 E Finsky  : Caused by: org.chromium.net.impl.NetworkExceptionImpl: Exception in CronetUrlRequest: net::ERR_INTERNET_DISCONNECTED, ErrorCode=2, InternalErrorCode=-106, Retryable=false
11-22 13:04:15.816 27636 27979 E Finsky  : 	at org.chromium.net.impl.CronetUrlRequest.onError(PG:66)
11-22 13:04:15.846 25592 27027 W ActivityManager: pid 26279 com.google.android.gms.persistent sent binder code 2 with flags 1 to frozen apps and got error -32
11-22 13:04:15.846 25592 27027 D ActivityManager: Too many transaction errors, throttling freezer binder callback.
11-22 13:04:16.569 27636 27636 W Finsky  : [2] STU: Failed to get storage stats for package 'com.google.android.widevine.nonupdatable' (1601: Error getting stats: android.content.pm.PackageManager.NameNotFoundException)
11-22 13:04:16.687 27636 27636 E Finsky  : network time: 127, HTTP status code: na, exception com.android.volley.NoConnectionError: org.chromium.net.impl.NetworkExceptionImpl: Exception in CronetUrlRequest: net::ERR_INTERNET_DISCONNECTED, ErrorCode=2, InternalErrorCode=-106, Retryable=false
11-22 13:04:16.687 27636 27636 E Finsky  : Caused by: com.android.volley.NoConnectionError: org.chromium.net.impl.NetworkExceptionImpl: Exception in CronetUrlRequest: net::ERR_INTERNET_DISCONNECTED, ErrorCode=2, InternalErrorCode=-106, Retryable=false
11-22 13:04:16.687 27636 27636 E Finsky  : Caused by: org.chromium.net.impl.NetworkExceptionImpl: Exception in CronetUrlRequest: net::ERR_INTERNET_DISCONNECTED, ErrorCode=2, InternalErrorCode=-106, Retryable=false
11-22 13:04:16.687 27636 27636 E Finsky  : 	at org.chromium.net.impl.CronetUrlRequest.onError(PG:66)
11-22 13:04:16.700 27636 27979 E Finsky  : com.google.android.finsky.unifiedsync.SyncExceptions$SyncCompositeException: CompositeException occurred containing 1 exception(s), unique errors: [Sync failed for account: null, payloads: [9], and cause: org.chromium.net.impl.NetworkExceptionImpl: Exception in CronetUrlRequest: net::ERR_INTERNET_DISCONNECTED, ErrorCode=2, InternalErrorCode=-106, Retryable=false]
11-22 13:04:16.700 27636 27979 E Finsky  : Caused by: com.google.android.finsky.unifiedsync.SyncExceptions$WrappedSyncException: Sync failed for account: null, payloads: [9], and cause: org.chromium.net.impl.NetworkExceptionImpl: Exception in CronetUrlRequest: net::ERR_INTERNET_DISCONNECTED, ErrorCode=2, InternalErrorCode=-106, Retryable=false
11-22 13:04:16.700 27636 27979 E Finsky  : Caused by: network time: 127, HTTP status code: na, exception com.android.volley.NoConnectionError: org.chromium.net.impl.NetworkExceptionImpl: Exception in CronetUrlRequest: net::ERR_INTERNET_DISCONNECTED, ErrorCode=2, InternalErrorCode=-106, Retryable=false
11-22 13:04:16.700 27636 27979 E Finsky  : Caused by: com.android.volley.NoConnectionError: org.chromium.net.impl.NetworkExceptionImpl: Exception in CronetUrlRequest: net::ERR_INTERNET_DISCONNECTED, ErrorCode=2, InternalErrorCode=-106, Retryable=false
11-22 13:04:16.700 27636 27979 E Finsky  : Caused by: org.chromium.net.impl.NetworkExceptionImpl: Exception in CronetUrlRequest: net::ERR_INTERNET_DISCONNECTED, ErrorCode=2, InternalErrorCode=-106, Retryable=false
11-22 13:04:16.700 27636 27979 E Finsky  : 	at org.chromium.net.impl.CronetUrlRequest.onError(PG:66)
11-22 13:04:16.701 27636 27979 E Finsky  : com.google.android.finsky.unifiedsync.SyncExceptions$SyncCompositeException: CompositeException occurred containing 1 exception(s), unique errors: [Sync failed for account: null, payloads: [9], and cause: org.chromium.net.impl.NetworkExceptionImpl: Exception in CronetUrlRequest: net::ERR_INTERNET_DISCONNECTED, ErrorCode=2, InternalErrorCode=-106, Retryable=false]
11-22 13:04:16.701 27636 27979 E Finsky  : Caused by: com.google.android.finsky.unifiedsync.SyncExceptions$WrappedSyncException: Sync failed for account: null, payloads: [9], and cause: org.chromium.net.impl.NetworkExceptionImpl: Exception in CronetUrlRequest: net::ERR_INTERNET_DISCONNECTED, ErrorCode=2, InternalErrorCode=-106, Retryable=false
11-22 13:04:16.701 27636 27979 E Finsky  : Caused by: network time: 127, HTTP status code: na, exception com.android.volley.NoConnectionError: org.chromium.net.impl.NetworkExceptionImpl: Exception in CronetUrlRequest: net::ERR_INTERNET_DISCONNECTED, ErrorCode=2, InternalErrorCode=-106, Retryable=false
11-22 13:04:16.701 27636 27979 E Finsky  : Caused by: com.android.volley.NoConnectionError: org.chromium.net.impl.NetworkExceptionImpl: Exception in CronetUrlRequest: net::ERR_INTERNET_DISCONNECTED, ErrorCode=2, InternalErrorCode=-106, Retryable=false
11-22 13:04:16.701 27636 27979 E Finsky  : Caused by: org.chromium.net.impl.NetworkExceptionImpl: Exception in CronetUrlRequest: net::ERR_INTERNET_DISCONNECTED, ErrorCode=2, InternalErrorCode=-106, Retryable=false
11-22 13:04:16.701 27636 27979 E Finsky  : 	at org.chromium.net.impl.CronetUrlRequest.onError(PG:66)
11-22 13:04:16.887 26279 26818 E IPCThreadState: Binder transaction failure. id: 4185747, BR_*: 29189, error: -22 (Invalid argument)
11-22 13:04:16.917 26279 26818 D ActivityThread: Too many transaction errors, throttling freezer binder callback.
11-22 13:04:16.987 27636 27865 E Finsky  : [46] Error fetching preloads
11-22 13:04:16.987 27636 27865 E Finsky  : java.util.concurrent.ExecutionException: com.android.volley.NoConnectionError: org.chromium.net.impl.NetworkExceptionImpl: Exception in CronetUrlRequest: net::ERR_INTERNET_DISCONNECTED, ErrorCode=2, InternalErrorCode=-106, Retryable=false
11-22 13:04:16.987 27636 27865 E Finsky  : Caused by: com.android.volley.NoConnectionError: org.chromium.net.impl.NetworkExceptionImpl: Exception in CronetUrlRequest: net::ERR_INTERNET_DISCONNECTED, ErrorCode=2, InternalErrorCode=-106, Retryable=false
11-22 13:04:16.987 27636 27865 E Finsky  : Caused by: org.chromium.net.impl.NetworkExceptionImpl: Exception in CronetUrlRequest: net::ERR_INTERNET_DISCONNECTED, ErrorCode=2, InternalErrorCode=-106, Retryable=false
11-22 13:04:16.987 27636 27865 E Finsky  : 	at org.chromium.net.impl.CronetUrlRequest.onError(PG:66)
11-22 13:04:17.035 27636 27865 E Finsky  : [46] setup::PAI: Error prefetching preloads, using account=null, preloads=[0|], preloadRros=[0|], preloadGroups=[], unavailablePreloads=[0|]
11-22 13:04:17.035 27636 27865 E Finsky  : com.google.android.finsky.setup.fetchers.RawDocumentsFetchException: com.google.android.finsky.networkrequests.NetworkRequestException: com.android.volley.NoConnectionError: org.chromium.net.impl.NetworkExceptionImpl: Exception in CronetUrlRequest: net::ERR_INTERNET_DISCONNECTED, ErrorCode=2, InternalErrorCode=-106, Retryable=false[reason=unknown, account=null]
11-22 13:04:17.035 27636 27865 E Finsky  : Caused by: com.google.android.finsky.networkrequests.NetworkRequestException: com.android.volley.NoConnectionError: org.chromium.net.impl.NetworkExceptionImpl: Exception in CronetUrlRequest: net::ERR_INTERNET_DISCONNECTED, ErrorCode=2, InternalErrorCode=-106, Retryable=false
11-22 13:04:17.035 27636 27865 E Finsky  : Caused by: com.android.volley.NoConnectionError: org.chromium.net.impl.NetworkExceptionImpl: Exception in CronetUrlRequest: net::ERR_INTERNET_DISCONNECTED, ErrorCode=2, InternalErrorCode=-106, Retryable=false
11-22 13:04:17.035 27636 27865 E Finsky  : Caused by: org.chromium.net.impl.NetworkExceptionImpl: Exception in CronetUrlRequest: net::ERR_INTERNET_DISCONNECTED, ErrorCode=2, InternalErrorCode=-106, Retryable=false
11-22 13:04:17.035 27636 27865 E Finsky  : 	at org.chromium.net.impl.CronetUrlRequest.onError(PG:66)
11-22 13:04:18.172 26279 26818 E IPCThreadState: Binder transaction failure. id: 4186932, BR_*: 29189, error: -22 (Invalid argument)
11-22 13:04:18.172 26279 26818 D ActivityThread: Too many transaction errors, throttling freezer binder callback.
11-22 13:04:18.174 26279 26818 E IPCThreadState: Binder transaction failure. id: 4186936, BR_*: 29189, error: -22 (Invalid argument)
11-22 13:04:18.174 26279 26818 D ActivityThread: Too many transaction errors, throttling freezer binder callback.
11-22 13:04:18.227 26279 26398 E IPCThreadState: Binder transaction failure. id: 4187005, BR_*: 29189, error: -22 (Invalid argument)
11-22 13:04:18.227 26279 26398 D ActivityThread: Too many transaction errors, throttling freezer binder callback.
11-22 13:04:18.301 26279 26818 E IPCThreadState: Binder transaction failure. id: 4187164, BR_*: 29189, error: -22 (Invalid argument)
11-22 13:04:18.301 26279 26818 D ActivityThread: Too many transaction errors, throttling freezer binder callback.
11-22 13:04:18.338 26279 26398 E IPCThreadState: Binder transaction failure. id: 4187204, BR_*: 29189, error: -22 (Invalid argument)
11-22 13:04:18.338 26279 26398 D ActivityThread: Too many transaction errors, throttling freezer binder callback.
11-22 13:04:18.360 26279 26398 E IPCThreadState: Binder transaction failure. id: 4187254, BR_*: 29189, error: -22 (Invalid argument)
11-22 13:04:18.360 26279 26398 D ActivityThread: Too many transaction errors, throttling freezer binder callback.
11-22 13:04:18.362 26279 26818 E IPCThreadState: Binder transaction failure. id: 4187264, BR_*: 29189, error: -22 (Invalid argument)
11-22 13:04:18.363 26279 26818 D ActivityThread: Too many transaction errors, throttling freezer binder callback.
11-22 13:04:18.364 26279 26398 E IPCThreadState: Binder transaction failure. id: 4187267, BR_*: 29189, error: -22 (Invalid argument)
11-22 13:04:18.364 26279 26398 D ActivityThread: Too many transaction errors, throttling freezer binder callback.
11-22 13:04:18.552 26279 26818 E IPCThreadState: Binder transaction failure. id: 4187485, BR_*: 29189, error: -22 (Invalid argument)
11-22 13:04:18.552 26279 26818 D ActivityThread: Too many transaction errors, throttling freezer binder callback.
11-22 13:04:18.569 26279 26398 E IPCThreadState: Binder transaction failure. id: 4187531, BR_*: 29189, error: -22 (Invalid argument)
11-22 13:04:18.570 26279 26398 D ActivityThread: Too many transaction errors, throttling freezer binder callback.
11-22 13:04:18.580 26279 29359 W LogErrorOperation: onLogError callback failed.
11-22 13:04:18.618 26279 26818 E IPCThreadState: Binder transaction failure. id: 4187595, BR_*: 29189, error: -22 (Invalid argument)
11-22 13:04:18.618 26279 26818 D ActivityThread: Too many transaction errors, throttling freezer binder callback.
11-22 13:04:18.620 26279 26398 E IPCThreadState: Binder transaction failure. id: 4187602, BR_*: 29189, error: -22 (Invalid argument)
11-22 13:04:18.620 26279 26398 D ActivityThread: Too many transaction errors, throttling freezer binder callback.
11-22 13:04:18.627 26279 26818 E IPCThreadState: Binder transaction failure. id: 4187612, BR_*: 29189, error: -22 (Invalid argument)
11-22 13:04:18.627 26279 26818 D ActivityThread: Too many transaction errors, throttling freezer binder callback.
11-22 13:04:18.671 27636 27636 W Finsky  : [2] STU: Failed to get storage stats for package 'com.android.hardware.contexthub' (1601: Error getting stats: android.content.pm.PackageManager.NameNotFoundException)
11-22 13:04:18.681 26279 26818 E IPCThreadState: Binder transaction failure. id: 4187675, BR_*: 29189, error: -22 (Invalid argument)
11-22 13:04:18.681 26279 26818 D ActivityThread: Too many transaction errors, throttling freezer binder callback.
11-22 13:04:18.683 26279 26398 E IPCThreadState: Binder transaction failure. id: 4187678, BR_*: 29189, error: -22 (Invalid argument)
11-22 13:04:18.684 26279 26398 D ActivityThread: Too many transaction errors, throttling freezer binder callback.
11-22 13:04:18.690 27636 27636 W Finsky  : [2] STU: Failed to get storage stats for package 'com.android.hardware.authsecret' (1601: Error getting stats: android.content.pm.PackageManager.NameNotFoundException)
11-22 13:04:18.744 27636 27636 W Finsky  : [2] STU: Failed to get storage stats for package 'com.android.apex.cts.shim' (1601: Error getting stats: android.content.pm.PackageManager.NameNotFoundException)
11-22 13:04:18.778 26279 29359 W LogErrorOperation: onLogError callback failed.
11-22 13:04:18.859 27636 27636 W Finsky  : [2] STU: Failed to get storage stats for package 'com.android.hardware.thermal' (1601: Error getting stats: android.content.pm.PackageManager.NameNotFoundException)
11-22 13:04:19.021 26279 26398 E IPCThreadState: Binder transaction failure. id: 4188089, BR_*: 29189, error: -22 (Invalid argument)
11-22 13:04:19.021 26279 26398 D ActivityThread: Too many transaction errors, throttling freezer binder callback.
11-22 13:04:19.060 26279 26398 E IPCThreadState: Binder transaction failure. id: 4188135, BR_*: 29189, error: -22 (Invalid argument)
11-22 13:04:19.060 26279 26398 D ActivityThread: Too many transaction errors, throttling freezer binder callback.
11-22 13:04:19.063 26279 26398 E IPCThreadState: Binder transaction failure. id: 4188146, BR_*: 29189, error: -22 (Invalid argument)
11-22 13:04:19.063 26279 26398 D ActivityThread: Too many transaction errors, throttling freezer binder callback.
11-22 13:04:19.070 26279 26398 E IPCThreadState: Binder transaction failure. id: 4188180, BR_*: 29189, error: -22 (Invalid argument)
11-22 13:04:19.070 26279 26398 D ActivityThread: Too many transaction errors, throttling freezer binder callback.
11-22 13:04:19.074 26279 26398 E IPCThreadState: Binder transaction failure. id: 4188185, BR_*: 29189, error: -22 (Invalid argument)
11-22 13:04:19.074 26279 26398 D ActivityThread: Too many transaction errors, throttling freezer binder callback.
11-22 13:04:19.084 26279 26398 E IPCThreadState: Binder transaction failure. id: 4188201, BR_*: 29189, error: -22 (Invalid argument)
11-22 13:04:19.084 26279 26398 D ActivityThread: Too many transaction errors, throttling freezer binder callback.
11-22 13:04:19.095 26279 26398 E IPCThreadState: Binder transaction failure. id: 4188213, BR_*: 29189, error: -22 (Invalid argument)
11-22 13:04:19.096 26279 26398 D ActivityThread: Too many transaction errors, throttling freezer binder callback.
11-22 13:04:19.111 26279 26398 E IPCThreadState: Binder transaction failure. id: 4188217, BR_*: 29189, error: -22 (Invalid argument)
11-22 13:04:19.111 26279 26398 D ActivityThread: Too many transaction errors, throttling freezer binder callback.
11-22 13:04:19.224 25501 25540 E netd    : Error adding route ::/0 -> fe80::2 wlan0 to table 1016: File exists
11-22 13:04:19.305 26279 26398 E IPCThreadState: Binder transaction failure. id: 4188424, BR_*: 29189, error: -22 (Invalid argument)
11-22 13:04:19.305 26279 26398 D ActivityThread: Too many transaction errors, throttling freezer binder callback.
11-22 13:04:19.355 25592 25771 E WifiRoamingModeManager: Failed to set roaming mode due to unknown error.
11-22 13:04:19.417 26279 26398 E IPCThreadState: Binder transaction failure. id: 4188698, BR_*: 29189, error: -22 (Invalid argument)
11-22 13:04:19.452 26279 26398 D ActivityThread: Too many transaction errors, throttling freezer binder callback.
11-22 13:04:19.476 26279 26398 E IPCThreadState: Binder transaction failure. id: 4188782, BR_*: 29189, error: -22 (Invalid argument)
11-22 13:04:19.622 25501 29550 W resolv  : SSL_connect ssl error =5, mark 0xf0065: Connection refused
11-22 13:04:19.668 26279 26398 D ActivityThread: Too many transaction errors, throttling freezer binder callback.
11-22 13:04:19.821 26279 26818 E IPCThreadState: Binder transaction failure. id: 4189358, BR_*: 29189, error: -22 (Invalid argument)
11-22 13:04:19.821 26279 26818 D ActivityThread: Too many transaction errors, throttling freezer binder callback.
11-22 13:04:21.400 25501 29583 W resolv  : SSL_connect ssl error =5, mark 0xf0065: Connection refused
11-22 13:04:23.130 27636 27636 W Finsky  : [2] STU: Failed to get storage stats for package 'com.android.hardware.uwb' (1601: Error getting stats: android.content.pm.PackageManager.NameNotFoundException)
11-22 13:04:23.180 27636 27636 W Finsky  : [2] STU: Failed to get storage stats for package 'com.android.virt' (1601: Error getting stats: android.content.pm.PackageManager.NameNotFoundException)
11-22 13:04:23.201 27636 27636 W Finsky  : [2] STU: Failed to get storage stats for package 'com.android.hardware.neuralnetworks' (1601: Error getting stats: android.content.pm.PackageManager.NameNotFoundException)
11-22 13:04:23.536 27636 27636 W Finsky  : [2] STU: Failed to get storage stats for package 'com.android.i18n' (1601: Error getting stats: android.content.pm.PackageManager.NameNotFoundException)
11-22 13:04:23.574 27636 27636 W Finsky  : [2] STU: Failed to get storage stats for package 'com.android.hardware.dumpstate' (1601: Error getting stats: android.content.pm.PackageManager.NameNotFoundException)
11-22 13:04:23.625 27636 27636 W Finsky  : [2] STU: Failed to get storage stats for package 'com.android.hardware.cas' (1601: Error getting stats: android.content.pm.PackageManager.NameNotFoundException)
11-22 13:04:24.027 27636 27636 W Finsky  : [2] STU: Failed to get storage stats for package 'com.google.android.runtime' (1601: Error getting stats: android.content.pm.PackageManager.NameNotFoundException)
11-22 13:04:24.273 27636 27636 W Finsky  : [2] STU: Failed to get storage stats for package 'com.android.devicelock' (1601: Error getting stats: android.content.pm.PackageManager.NameNotFoundException)
11-22 13:04:24.366 27636 27636 W Finsky  : [2] STU: Failed to get storage stats for package 'com.android.hardware.power' (1601: Error getting stats: android.content.pm.PackageManager.NameNotFoundException)
11-22 13:04:25.980 26279 29468 W LogErrorOperation: onLogError callback failed.
11-22 13:04:26.428 27285 29381 W SemanticLocation: [ClearcutCounters] Clearcut: error uploading [CONTEXT service_id=173 ]
11-22 13:04:26.731 26279 29468 W LogErrorOperation: onLogError callback failed.
11-22 13:04:26.764 27636 27636 W Finsky  : [2] STU: Failed to get storage stats for package 'com.android.hardware.rebootescrow' (1601: Error getting stats: android.content.pm.PackageManager.NameNotFoundException)
11-22 13:04:28.478 27636 27636 W Finsky  : [2] STU: Failed to get storage stats for package 'com.android.hardware.gatekeeper' (1601: Error getting stats: android.content.pm.PackageManager.NameNotFoundException)
11-22 13:04:33.891 29180 29349 D SatelliteController: evaluateEnablingSatelliteForCarrier: SetSatelliteAttachEnableForCarrier error code =0
11-22 13:04:33.975 29180 29349 D SatelliteServiceUtils: handleSetSatellitePlmnInfoCmd error: 10
11-22 13:04:40.711 25501 25540 E netd    : Error adding route 224.0.0.0/24 -> (null) eth0 to table 1000000015: File exists
11-22 13:04:40.764 25501 25540 E netd    : Error adding route 10.0.2.0/24 -> (null) eth0 to table 1015: File exists
11-22 13:04:40.764 25501 25540 E netd    : Error adding route 10.0.2.0/24 -> (null) eth0 to table 1000000015: File exists
11-22 13:04:40.767 25501 25540 E netd    : Error adding route 0.0.0.0/0 -> 10.0.2.2 eth0 to table 1015: File exists
11-22 13:04:40.900 25501 29702 W resolv  : SSL_connect ssl error =5, mark 0xf0066: Connection refused
11-22 13:04:41.970 25501 29722 W resolv  : SSL_connect ssl error =5, mark 0xf0066: Connection refused
11-22 13:04:42.802 29598 29598 E rya     : onError
11-22 13:04:42.802 29598 29598 E rya     : ahif: errorCode: 65561, engine: 2
11-22 13:04:42.802 29598 29598 E rya     : Caused by: ahih: errorCode: 65586, engine: 2
11-22 13:04:42.802 29598 29598 E rya     : Caused by: ahid: errorCode: 401, engine: 2
11-22 13:04:47.637 26279 29224 W LogErrorOperation: onLogError callback failed.
11-22 13:04:52.184 28881 28955 E DialerRestVvmCarrierService: com.android.dialer.voicemail.service.impl.vvmclients.rest.RestVvmCarrierService.getMsisdn:420 Retrieved phone number in an unexpected format: +15551234567 [CONTEXT disable_client_error_logging=true ]
11-22 13:04:52.214 28881 28973 W DialerGbaCredentialProvider: com.android.dialer.voicemail.service.impl.vvmclients.rest.GbaCredentialProvider$1.onAuthenticationFailure:93 GBA failed with reason: 1 [CONTEXT disable_client_error_logging=true ]
11-22 13:04:52.215 28881 28973 W DialerVvmExecutorImpl: com.android.dialer.voicemail.service.impl.scheduler.VvmExecutorImpl.executeWorkOnCarrierService:444 Could not complete vvm work with action: ACTIVATE. Error: [GeneralFailureReason: UNSPECIFIED, RestFailureReason: GBA_AUTHENTICATION_FAILURE_FEATURE_NOT_SUPPORTED, OmtpFailureReason: OMTP_UNSPECIFIED] for ComponentInfo{com.android.phone/com.android.services.telephony.TelephonyConnectionService}, 1, UserHandle{0} [CONTEXT disable_client_error_logging=true enable_persistent_logger=true ]
11-22 13:04:52.498 29598 29674 E altx    : (REDACTED) Error when converting version: %s
11-22 13:05:09.043 26279 26818 W PhBaseOp: Phenotype API error. Event: # hrqk@d10d12d6, EventCode: COMMIT_CONFIG [CONTEXT service_id=51 ]
11-22 13:05:09.070 26279 29365 I HeterodyneSyncer: (REDACTED) Sync completed. fetchReason: %s, fetchPackageName: %s, syncErrorType: %s, individual sync errors: %s.
11-22 13:05:09.225 26279 29365 E IPCThreadState: Binder transaction failure. id: 4214239, BR_*: 29189, error: -22 (Invalid argument)
11-22 13:05:09.226 25592 26664 W ActivityManager: pid 26279 com.google.android.gms.persistent sent binder code 2 with flags 1 to frozen apps and got error -32
11-22 13:05:09.242 26279 29365 W FlagUpdateListenerRegis: Unable to invoke IFlagUpdateListener.onFlagUpdate. App: com.google.android.googlequicksearchbox. Process: com.google.android.googlequicksearchbox:search|191256079. Error: android.os.DeadObjectException. [CONTEXT service_id=51 ]
11-22 13:05:09.513 26279 29468 W LogErrorOperation: onLogError callback failed.
11-22 13:05:14.888 29598 29598 E rya     : onError
11-22 13:05:14.888 29598 29598 E rya     : ahif: errorCode: 65561, engine: 2
11-22 13:05:14.888 29598 29598 E rya     : Caused by: ahih: errorCode: 65586, engine: 2
11-22 13:05:14.888 29598 29598 E rya     : Caused by: ahid: errorCode: 401, engine: 2
11-22 13:05:14.909 29598 29654 E cn_CronetUrlRequestContext: agqf: Error code: 262182
11-22 13:05:15.111 26279 29365 W LogErrorOperation: onLogError callback failed.
11-22 13:05:23.685 25592 25639 E BluetoothPowerStatsCollector: java.util.concurrent.ExecutionException: java.lang.RuntimeException: error: 11
11-22 13:05:23.685 25592 25639 E BluetoothPowerStatsCollector: Caused by: java.lang.RuntimeException: error: 11
11-22 13:05:23.685 25592 25639 E BluetoothPowerStatsCollector: 	at com.android.server.power.stats.BluetoothPowerStatsCollector$1.onBluetoothActivityEnergyInfoError(BluetoothPowerStatsCollector.java:181)
11-22 13:05:24.845 26538 26660 D PickerSyncController: Error occurred, remaining retry count: 2
11-22 13:05:47.845 28881 28955 E DialerRestVvmCarrierService: com.android.dialer.voicemail.service.impl.vvmclients.rest.RestVvmCarrierService.getMsisdn:420 Retrieved phone number in an unexpected format: +15551234567 [CONTEXT disable_client_error_logging=true ]
11-22 13:05:47.920 28881 28955 W DialerGbaCredentialProvider: com.android.dialer.voicemail.service.impl.vvmclients.rest.GbaCredentialProvider$1.onAuthenticationFailure:93 GBA failed with reason: 1 [CONTEXT disable_client_error_logging=true ]
11-22 13:05:47.929 28881 28973 W DialerVvmExecutorImpl: com.android.dialer.voicemail.service.impl.scheduler.VvmExecutorImpl.executeWorkOnCarrierService:444 Could not complete vvm work with action: ACTIVATE. Error: [GeneralFailureReason: UNSPECIFIED, RestFailureReason: GBA_AUTHENTICATION_FAILURE_FEATURE_NOT_SUPPORTED, OmtpFailureReason: OMTP_UNSPECIFIED] for ComponentInfo{com.android.phone/com.android.services.telephony.TelephonyConnectionService}, 1, UserHandle{0} [CONTEXT disable_client_error_logging=true enable_persistent_logger=true ]
11-22 13:06:35.569 29598 29598 E rya     : onError
11-22 13:06:35.569 29598 29598 E rya     : ahif: errorCode: 65561, engine: 2
