11-22 13:01:30.988 25501 27303 W resolv  : SSL_connect ssl error =5, mark 0xf0064: Connection refused
11-22 13:01:35.880 25592 27339 E ActivityManager: ErrorId: 7ad77e61-cd39-4302-9485-8ff3c85789a5
11-22 13:01:38.235 26279 27184 W LogErrorOperation: onLogError callback failed.
11-22 13:01:38.501 26183 26199 E BaseSearchIndex: Error trying to get non-indexable keys from: com.android.settings.network.telephony.satellite.SatelliteSettingsPreferenceCategoryController@c4f7792
11-22 13:01:39.121 26183 26200 W BaseSearchIndex: Error initializing controller in fragment: com.android.settings.deviceinfo.aboutphone.MyDeviceInfoFragment$1@b9ebbaf, e: java.lang.IllegalStateException: Cannot invoke setValue on a background thread
11-22 13:01:39.131 26183 26199 E BaseSearchIndex: Error trying to get non-indexable keys from: com.android.settings.network.telephony.ApnPreferenceController@55587a8
11-22 13:01:40.364 26183 26199 W BaseSearchIndex: Error initializing controller in fragment: com.android.settings.deviceinfo.aboutphone.MyDeviceInfoFragment$1@b9ebbaf, e: java.lang.IllegalStateException: Cannot invoke setValue on a background thread
11-22 13:01:40.382 26488 26738 W FenceManagerImpl: FenceOperationException(errorCode=TIMEOUT_ERROR, gmsCoreApiException=null, gmsCoreApiAvailabilityException=null, cause=ltn: Timed out: ihr@189a7c1[status=PENDING, info=[htc@8ff6b66]])
11-22 13:01:40.904 26183 26200 E FeatureFlagsImplExport: android.os.flagging.AconfigStorageReadException: ERROR_PACKAGE_NOT_FOUND: package com.android.settingslib.widget.theme.flags cannot be found on the device
11-22 13:01:48.220 26573 26573 E aiga    : Error locating SCO method
11-22 13:01:48.375 26183 26200 E TelephonyManager: Error calling #isDataEnabled, returning default (false).
11-22 13:01:48.517 26183 27626 W ProvisioningRepository: [1] error while imsFeatureProvisionedFlow
11-22 13:01:48.535 26183 26457 W ImsMmTelRepository: [1] error while imsReadyFlow
11-22 13:01:48.557 26183 26458 W ImsMmTelRepository: [1] error while imsReadyFlow
11-22 13:01:48.582 26183 26457 W ProvisioningRepository: [1] error while imsFeatureProvisionedFlow
11-22 13:01:50.958 26279 27184 W LogErrorOperation: onLogError callback failed.
11-22 13:01:50.959 25932 26235 E ServiceManager: error in isDeclared
11-22 13:01:51.268 25592 26664 W ActivityManager: pid 26775 com.google.android.settings.intelligence sent binder code 6 with flags 2 to frozen apps and got error -74
11-22 13:01:52.093 26488 26696 E FenceManagerImpl: FenceOperationException(errorCode=TIMEOUT_ERROR, gmsCoreApiException=null, gmsCoreApiAvailabilityException=null, cause=ltn: Timed out (timeout delayed by 216 ms after scheduled time): ihr@a5960ee[status=PENDING, info=[htc@9aaf98f]])
11-22 13:01:53.292 25592 27599 E ActivityManager: ErrorId: 08d79167-e5f8-482c-8add-fa2f459e181b
11-22 13:01:53.453 25592 27599 E ActivityManager: ErrorId: 1e0c34ac-bc0a-433e-b658-0cde26338e25
11-22 13:01:54.612 25592 25734 W InputDispatcher: channel 'stylus-handwriting-event-receiver-0' ~ Consumer closed input channel or an error occurred.  events=0x9
11-22 13:02:14.175 27223 27475 I AiAiAdaptiveAudio: AdaptiveAudio config updated, new config=AdaptiveAudioConfig{shouldEnableAdaptiveAudio=false, shouldBypassQprCheck=false, shouldLimitCalibration=true, shouldShowDebugNotification=false, userSettingDefaultValue=false, crashOnError=true, shouldShowPromoNotification=false, useSilenceDetectorStateBugFix=false}
11-22 13:02:17.492 26279 26734 W UsageReportingOptionsSt: INTERNAL_ERROR: setPlayPassOptIn failed with null account [CONTEXT service_id=41 ]
11-22 13:02:17.492 26279 26734 E UsageReportingOptionsSt: INTERNAL_ERROR: setOptInOption should not be called while user is locked. [CONTEXT service_id=41 ]
11-22 13:02:17.631 27636 27636 I AdvertisingIdClient: getting error as 17: API: ClientTelemetry.API is not available on this device. Connection failed with: ConnectionResult{statusCode=API_DISABLED_FOR_CONNECTION, resolution=null, message=null, clientMethodKey=null}
11-22 13:02:18.326 27636 27865 I HeterodyneSyncer: Sync completed. fetchReason: PERIODIC, fetchPackageName: com.android.vending, syncErrorType: UNSET, individual sync errors: .
11-22 13:02:18.717 27591 27826 W Safetyhub.EmergencySearchIndexablesProvider: Error getting setting item searchables
11-22 13:02:18.985 26279 26394 W LogErrorOperation: onLogError callback failed.
11-22 13:02:19.072 27636 27863 I HeterodyneSyncer: Sync completed. fetchReason: NEW_REGISTER_OTHER_SYNC, fetchPackageName: com.google.android.finsky.regular, syncErrorType: UNSET, individual sync errors: .
11-22 13:02:19.104 26279 26394 W LogErrorOperation: onLogError callback failed.
11-22 13:02:19.121 26279 26394 W LogErrorOperation: onLogError callback failed.
11-22 13:02:19.190 26279 26394 W LogErrorOperation: onLogError callback failed.
11-22 13:02:19.397 26279 26398 E IPCThreadState: Binder transaction failure. id: 4118602, BR_*: 29189, error: -22 (Invalid argument)
11-22 13:02:19.406 25592 26666 W ActivityManager: pid 26279 com.google.android.gms.persistent sent binder code 5 with flags 1 to frozen apps and got error -32
11-22 13:02:29.704 25592 27025 W ActivityManager: pid 27711 com.android.phone sent binder code 58 with flags 2 to frozen apps and got error -74
11-22 13:02:34.963 27636 28092 I HeterodyneSyncer: Sync completed. fetchReason: NEW_REGISTER_OTHER_SYNC, fetchPackageName: com.google.android.finsky.stable, syncErrorType: UNSET, individual sync errors: .
11-22 13:02:38.281 25592 26597 W AppSearchIcing: status-util.h:31: Error: 5, Message: Document (com.google.android.settings.intelligence$settings/settings, com.android.settings/telephony_apn_key) not found.
11-22 13:02:38.365 25592 26597 W AppSearchIcing: status-util.h:31: Error: 5, Message: Document (com.google.android.settings.intelligence$settings/settings, com.android.settings/network_mode_imei_info) not found.
11-22 13:02:38.365 25592 26597 W AppSearchIcing: status-util.h:31: Error: 5, Message: Document (com.google.android.settings.intelligence$settings/settings, com.android.permissioncontroller.safetycenter/AndroidHealthConnect_personal) not found.
11-22 13:02:38.366 25592 26597 W AppSearchIcing: status-util.h:31: Error: 5, Message: Document (com.google.android.settings.intelligence$settings/settings, com.android.permissioncontroller.safetycenter/GooglePasswordCheckup_personal) not found.
11-22 13:02:38.366 25592 26597 W AppSearchIcing: status-util.h:31: Error: 5, Message: Document (com.google.android.settings.intelligence$settings/settings, com.android.permissioncontroller.safetycenter/AdvancedProtection_personal) not found.
11-22 13:02:38.366 25592 26597 W AppSearchIcing: status-util.h:31: Error: 5, Message: Document (com.google.android.settings.intelligence$settings/settings, com.android.settings/choose_network_key) not found.
11-22 13:02:38.366 25592 26597 W AppSearchIcing: status-util.h:31: Error: 5, Message: Document (com.google.android.settings.intelligence$settings/settings, com.android.cellbroadcastreceiver/enable_state_local_test_alerts) not found.
11-22 13:02:38.366 25592 26597 W AppSearchIcing: status-util.h:31: Error: 5, Message: Document (com.google.android.settings.intelligence$settings/settings, com.android.settings/mobile_network_spn) not found.
11-22 13:02:38.366 25592 26597 W AppSearchIcing: status-util.h:31: Error: 5, Message: Document (com.google.android.settings.intelligence$settings/settings, com.android.cellbroadcastreceiver/enable_public_safety_messages) not found.
11-22 13:02:38.366 25592 26597 W AppSearchIcing: status-util.h:31: Error: 5, Message: Document (com.google.android.settings.intelligence$settings/settings, com.android.settings/cellular_security_network_internet) not found.
11-22 13:02:38.366 25592 26597 W AppSearchIcing: status-util.h:31: Error: 5, Message: Document (com.google.android.settings.intelligence$settings/settings, com.android.settings/sim_lock_settings) not found.
11-22 13:02:38.366 25592 26597 W AppSearchIcing: status-util.h:31: Error: 5, Message: Document (com.google.android.settings.intelligence$settings/settings, com.android.settings/require_cellular_encryption) not found.
11-22 13:02:38.366 25592 26597 W AppSearchIcing: status-util.h:31: Error: 5, Message: Document (com.google.android.settings.intelligence$settings/settings, com.android.settings/phone_number) not found.
11-22 13:02:39.639 26279 28686 W TapAndPay: Error fetching storage key [CONTEXT service_id=79 ]
11-22 13:02:40.447 26279 26398 E IPCThreadState: Binder transaction failure. id: 4130201, BR_*: 29189, error: -22 (Invalid argument)
11-22 13:02:40.562 25592 26035 W ActivityManager: pid 26279 com.google.android.gms.persistent sent binder code 5 with flags 1 to frozen apps and got error -32
11-22 13:02:40.893 26279 26398 E IPCThreadState: Binder transaction failure. id: 4130873, BR_*: 29189, error: -22 (Invalid argument)
11-22 13:02:40.893 26279 26398 D ActivityThread: Too many transaction errors, throttling freezer binder callback.
11-22 13:02:46.151   498   498 W WVCdm   : [oemcrypto_adapter_dynamic.cpp(1557):OEMCrypto_InitializeAndCheckKeybox] Keybox error: 25. Falling back to L3.
11-22 13:02:46.835 27711 28352 D SatelliteServiceUtils: isSatelliteSupported error: 10
11-22 13:02:52.990 26103 26883 W HWUI    : Failed to initialize 101010-2 format, error = EGL_SUCCESS
11-22 13:02:55.313 28881 28961 W DialerDialerSubscriptionManager: com.android.dialer.externals.androidapis.telephony.DialerSubscriptionManager.getSubscriptionInfoLegacy:288 Failed to find SubscriptionInfo for phoneAccountHandle [CONTEXT disable_client_error_logging=true ]
11-22 13:02:55.906 28881 28963 W DialerDialerSubscriptionManager: com.android.dialer.externals.androidapis.telephony.DialerSubscriptionManager.getSubscriptionInfoLegacy:288 Failed to find SubscriptionInfo for phoneAccountHandle [CONTEXT disable_client_error_logging=true ]
11-22 13:03:01.507 28881 29046 W DialerDialerSubscriptionManager: com.android.dialer.externals.androidapis.telephony.DialerSubscriptionManager.getSubscriptionInfoLegacy:288 Failed to find SubscriptionInfo for phoneAccountHandle [CONTEXT disable_client_error_logging=true ]
11-22 13:03:08.895 26279 27176 W FontLog : Error updating last accessed time for {Google Sans, wdth 100.0, wght 400, ital 0.0, bestEffort false}, isVf false}. [CONTEXT service_id=132 ]
11-22 13:03:09.285 25592 29132 E ActivityManager: ErrorId: 6b5e0c5e-42e7-4254-829d-8a08d270827f
11-22 13:03:09.718 25592 26015 W ActivityManager: pid 26117 com.google.android.bluetooth sent binder code 333 with flags 0 to frozen apps and got error -32
11-22 13:03:09.726 25592 26662 W ActivityManager: pid 28881 com.google.android.dialer sent binder code 1 with flags 0 to frozen apps and got error -32
11-22 13:03:09.726 25592 26662 D ActivityManager: Too many transaction errors, throttling freezer binder callback.
11-22 13:03:09.728 25592 26650 W ActivityManager: pid 27368 com.google.android.apps.messaging sent binder code 50 with flags 2 to frozen apps and got error -32
11-22 13:03:09.728 25592 26650 D ActivityManager: Too many transaction errors, throttling freezer binder callback.
11-22 13:03:09.733 28881 28955 E DialerCompositePhoneLookup: com.android.dialer.phonelookup.composite.CompositePhoneLookup.buildSubmapAndGetMostRecentInfo:358 FixedDialingNumberPhoneLookup - getMostRecentInfo failed [CONTEXT disable_client_error_logging=true ]
11-22 13:03:09.756 26117 26386 E TelephonyManager: Error calling ITelephony#clearSignalStrengthUpdateRequest
11-22 13:03:09.769 27368 27646 W Bugle   : Aborting due to unexpected error (RuntimeException) in background worker
11-22 13:03:09.777 27368 27646 W Bugle   : SilentFeedbackManager: Messages automatically detected an error.
11-22 13:03:09.783 27368 27646 E BugleDataModel: BackgroundWorkerRunnable: Error in background worker.
11-22 13:03:09.783 27368 27646 I BugleDataModel: ActionExecutorImpl: ACTION_ERROR_QUEUED_SelfParticipantsRefreshAction
11-22 13:03:09.783 26279 26279 D BoundBrokerSvc: onBind: Intent { act=com.google.android.gms.apperrors.service.START_APP_ERROR dat=chimera-action:/... xflg=0x4 cmp=com.google.android.gms/.chimera.PersistentApiService }
11-22 13:03:09.783 26279 26279 D BoundBrokerSvc: Loading bound service for intent: Intent { act=com.google.android.gms.apperrors.service.START_APP_ERROR dat=chimera-action:/... xflg=0x4 cmp=com.google.android.gms/.chimera.PersistentApiService }
11-22 13:03:09.943 27636 27979 W Finsky  : [63] Frosting: Failed to get Frosting Creation Time for com.android.hardware.threadnetwork. Error: com.android.hardware.threadnetwork
11-22 13:03:11.227   468  1168 E IPCThreadState: Binder transaction failure. id: 4155308, BR_*: 29189, error: -22 (Invalid argument)
11-22 13:03:11.867 26279 26818 I HeterodyneSyncer: (REDACTED) Sync completed. fetchReason: %s, fetchPackageName: %s, syncErrorType: %s, individual sync errors: %s.
11-22 13:03:12.198 26279 26398 W PhBaseOp: Phenotype API error. Event: # hrqk@dcfe3f11, EventCode: COMMIT_CONFIG [CONTEXT service_id=51 ]
11-22 13:03:12.824 27636 27979 W Finsky  : [63] Frosting: Failed to get Frosting Creation Time for com.android.hardware.vibrator. Error: com.android.hardware.vibrator
11-22 13:03:15.559 26279 26279 D BoundBrokerSvc: onUnbind: Intent { act=com.google.android.gms.apperrors.service.START_APP_ERROR dat=chimera-action:/... xflg=0x4 cmp=com.google.android.gms/.chimera.PersistentApiService }
11-22 13:03:15.734 27636 27979 W Finsky  : [63] Frosting: Failed to get Frosting Creation Time for com.google.android.widevine.nonupdatable. Error: com.google.android.widevine.nonupdatable
11-22 13:03:17.246 27636 27948 E Finsky  : [53] VerifyApps: Error looking up package com.android.traceur.auto_generated_rro_product__ during XLB scan : Attempt to read from field 'java.lang.Object azlh.a' on a null object reference in method 'java.lang.Object npu.apply(java.lang.Object)'
11-22 13:03:17.246 27636 27948 E Finsky  : [53] VerifyApps: Error looking up package com.google.android.apps.wellbeing during XLB scan : Attempt to read from field 'java.lang.Object azlh.a' on a null object reference in method 'java.lang.Object npu.apply(java.lang.Object)'
11-22 13:03:17.246 27636 27948 E Finsky  : [53] VerifyApps: Error looking up package com.android.internal.emulation.pixel_9_pro_fold during XLB scan : Attempt to read from field 'java.lang.Object azlh.a' on a null object reference in method 'java.lang.Object npu.apply(java.lang.Object)'
11-22 13:03:17.246 27636 27948 E Finsky  : [53] VerifyApps: Error looking up package com.google.android.dialer during XLB scan : Attempt to read from field 'java.lang.Object azlh.a' on a null object reference in method 'java.lang.Object npu.apply(java.lang.Object)'
11-22 13:03:17.246 27636 27948 E Finsky  : [53] VerifyApps: Error looking up package com.android.bips during XLB scan : Attempt to read from field 'java.lang.Object azlh.a' on a null object reference in method 'java.lang.Object npu.apply(java.lang.Object)'
11-22 13:03:17.246 27636 27948 E Finsky  : [53] VerifyApps: Error looking up package com.android.internal.emulation.pixel_3 during XLB scan : Attempt to read from field 'java.lang.Object azlh.a' on a null object reference in method 'java.lang.Object npu.apply(java.lang.Object)'
11-22 13:03:17.246 27636 27948 E Finsky  : [53] VerifyApps: Error looking up package com.android.internal.emulation.pixel_4 during XLB scan : Attempt to read from field 'java.lang.Object azlh.a' on a null object reference in method 'java.lang.Object npu.apply(java.lang.Object)'
11-22 13:03:17.246 27636 27948 E Finsky  : [53] VerifyApps: Error looking up package com.android.internal.emulation.pixel_5 during XLB scan : Attempt to read from field 'java.lang.Object azlh.a' on a null object reference in method 'java.lang.Object npu.apply(java.lang.Object)'
11-22 13:03:17.246 27636 27948 E Finsky  : [53] VerifyApps: Error looking up package com.android.internal.emulation.pixel_6 during XLB scan : Attempt to read from field 'java.lang.Object azlh.a' on a null object reference in method 'java.lang.Object npu.apply(java.lang.Object)'
11-22 13:03:17.247 27636 27948 E Finsky  : [53] VerifyApps: Error looking up package com.android.internal.emulation.pixel_7 during XLB scan : Attempt to read from field 'java.lang.Object azlh.a' on a null object reference in method 'java.lang.Object npu.apply(java.lang.Object)'
11-22 13:03:17.247 27636 27948 E Finsky  : [53] VerifyApps: Error looking up package com.android.internal.emulation.pixel_8 during XLB scan : Attempt to read from field 'java.lang.Object azlh.a' on a null object reference in method 'java.lang.Object npu.apply(java.lang.Object)'
11-22 13:03:17.247 27636 27948 E Finsky  : [53] VerifyApps: Error looking up package com.android.internal.emulation.pixel_9 during XLB scan : Attempt to read from field 'java.lang.Object azlh.a' on a null object reference in method 'java.lang.Object npu.apply(java.lang.Object)'
11-22 13:03:17.247 27636 27948 E Finsky  : [53] VerifyApps: Error looking up package com.google.android.captiveportallogin during XLB scan : Attempt to read from field 'java.lang.Object azlh.a' on a null object reference in method 'java.lang.Object npu.apply(java.lang.Object)'
11-22 13:03:17.247 27636 27948 E Finsky  : [53] VerifyApps: Error looking up package android.auto_generated_characteristics_rro during XLB scan : Attempt to read from field 'java.lang.Object azlh.a' on a null object reference in method 'java.lang.Object npu.apply(java.lang.Object)'
11-22 13:03:17.247 27636 27948 E Finsky  : [53] VerifyApps: Error looking up package com.google.android.appsearch.apk during XLB scan : Attempt to read from field 'java.lang.Object azlh.a' on a null object reference in method 'java.lang.Object npu.apply(java.lang.Object)'
11-22 13:03:17.247 27636 27948 E Finsky  : [53] VerifyApps: Error looking up package com.android.musicfx during XLB scan : Attempt to read from field 'java.lang.Object azlh.a' on a null object reference in method 'java.lang.Object npu.apply(java.lang.Object)'
11-22 13:03:17.247 27636 27948 E Finsky  : [53] VerifyApps: Error looking up package com.google.android.apps.docs during XLB scan : Attempt to read from field 'java.lang.Object azlh.a' on a null object reference in method 'java.lang.Object npu.apply(java.lang.Object)'
11-22 13:03:17.247 27636 27948 E Finsky  : [53] VerifyApps: Error looking up package com.google.android.apps.maps during XLB scan : Attempt to read from field 'java.lang.Object azlh.a' on a null object reference in method 'java.lang.Object npu.apply(java.lang.Object)'
11-22 13:03:17.247 27636 27948 E Finsky  : [53] VerifyApps: Error looking up package com.google.android.modulemetadata during XLB scan : Attempt to read from field 'java.lang.Object azlh.a' on a null object reference in method 'java.lang.Object npu.apply(java.lang.Object)'
11-22 13:03:17.247 27636 27948 E Finsky  : [53] VerifyApps: Error looking up package com.android.internal.display.cutout.emulation.emu01 during XLB scan : Attempt to read from field 'java.lang.Object azlh.a' on a null object reference in method 'java.lang.Object npu.apply(java.lang.Object)'
11-22 13:03:17.247 27636 27948 E Finsky  : [53] VerifyApps: Error looking up package com.google.android.avatarpicker during XLB scan : Attempt to read from field 'java.lang.Object azlh.a' on a null object reference in method 'java.lang.Object npu.apply(java.lang.Object)'
11-22 13:03:17.247 27636 27948 E Finsky  : [53] VerifyApps: Error looking up package com.google.android.markup during XLB scan : Attempt to read from field 'java.lang.Object azlh.a' on a null object reference in method 'java.lang.Object npu.apply(java.lang.Object)'
11-22 13:03:17.247 27636 27948 E Finsky  : [53] VerifyApps: Error looking up package com.android.cellbroadcastreceiver during XLB scan : Attempt to read from field 'java.lang.Object azlh.a' on a null object reference in method 'java.lang.Object npu.apply(java.lang.Object)'
11-22 13:03:17.247 27636 27948 E Finsky  : [53] VerifyApps: Error looking up package com.google.android.webview during XLB scan : Attempt to read from field 'java.lang.Object azlh.a' on a null object reference in method 'java.lang.Object npu.apply(java.lang.Object)'
11-22 13:03:17.247 27636 27948 E Finsky  : [53] VerifyApps: Error looking up package com.google.android.networkstack during XLB scan : Attempt to read from field 'java.lang.Object azlh.a' on a null object reference in method 'java.lang.Object npu.apply(java.lang.Object)'
11-22 13:03:17.248 27636 27948 E Finsky  : [53] VerifyApps: Error looking up package com.google.android.rkpdapp during XLB scan : Attempt to read from field 'java.lang.Object azlh.a' on a null object reference in method 'java.lang.Object npu.apply(java.lang.Object)'
11-22 13:03:17.248 27636 27948 E Finsky  : [53] VerifyApps: Error looking up package com.google.android.contacts during XLB scan : Attempt to read from field 'java.lang.Object azlh.a' on a null object reference in method 'java.lang.Object npu.apply(java.lang.Object)'
11-22 13:03:17.248 27636 27948 E Finsky  : [53] VerifyApps: Error looking up package com.android.server.telecom during XLB scan : Attempt to read from field 'java.lang.Object azlh.a' on a null object reference in method 'java.lang.Object npu.apply(java.lang.Object)'
11-22 13:03:17.248 27636 27948 E Finsky  : [53] VerifyApps: Error looking up package com.android.keychain during XLB scan : Attempt to read from field 'java.lang.Object azlh.a' on a null object reference in method 'java.lang.Object npu.apply(java.lang.Object)'
11-22 13:03:17.248 27636 27948 E Finsky  : [53] VerifyApps: Error looking up package com.android.server.telecom.auto_generated_rro_product__ during XLB scan : Attempt to read from field 'java.lang.Object azlh.a' on a null object reference in method 'java.lang.Object npu.apply(java.lang.Object)'
11-22 13:03:17.248 27636 27948 E Finsky  : [53] VerifyApps: Error looking up package com.android.phone.auto_generated_characteristics_rro during XLB scan : Attempt to read from field 'java.lang.Object azlh.a' on a null object reference in method 'java.lang.Object npu.apply(java.lang.Object)'
11-22 13:03:17.248 27636 27948 E Finsky  : [53] VerifyApps: Error looking up package com.google.android.overlay.googleconfig during XLB scan : Attempt to read from field 'java.lang.Object azlh.a' on a null object reference in method 'java.lang.Object npu.apply(java.lang.Object)'
11-22 13:03:17.248 27636 27948 E Finsky  : [53] VerifyApps: Error looking up package com.android.chrome during XLB scan : Attempt to read from field 'java.lang.Object azlh.a' on a null object reference in method 'java.lang.Object npu.apply(java.lang.Object)'
11-22 13:03:17.248 27636 27948 E Finsky  : [53] VerifyApps: Error looking up package com.android.bips.auto_generated_rro_product__ during XLB scan : Attempt to read from field 'java.lang.Object azlh.a' on a null object reference in method 'java.lang.Object npu.apply(java.lang.Object)'
11-22 13:03:17.248 27636 27948 E Finsky  : [53] VerifyApps: Error looking up package com.google.android.packageinstaller during XLB scan : Attempt to read from field 'java.lang.Object azlh.a' on a null object reference in method 'java.lang.Object npu.apply(java.lang.Object)'
11-22 13:03:17.248 27636 27948 E Finsky  : [53] VerifyApps: Error looking up package com.google.android.apps.customization.pixel during XLB scan : Attempt to read from field 'java.lang.Object azlh.a' on a null object reference in method 'java.lang.Object npu.apply(java.lang.Object)'
11-22 13:03:17.248 27636 27948 E Finsky  : [53] VerifyApps: Error looking up package com.google.android.gms during XLB scan : Attempt to read from field 'java.lang.Object azlh.a' on a null object reference in method 'java.lang.Object npu.apply(java.lang.Object)'
11-22 13:03:17.253 27636 27948 E Finsky  : [53] VerifyApps: Error looking up package com.google.android.gsf during XLB scan : Attempt to read from field 'java.lang.Object azlh.a' on a null object reference in method 'java.lang.Object npu.apply(java.lang.Object)'
11-22 13:03:17.254 27636 27948 E Finsky  : [53] VerifyApps: Error looking up package com.google.android.nfc during XLB scan : Attempt to read from field 'java.lang.Object azlh.a' on a null object reference in method 'java.lang.Object npu.apply(java.lang.Object)'
11-22 13:03:17.254 27636 27948 E Finsky  : [53] VerifyApps: Error looking up package com.google.android.tag during XLB scan : Attempt to read from field 'java.lang.Object azlh.a' on a null object reference in method 'java.lang.Object npu.apply(java.lang.Object)'
11-22 13:03:17.254 27636 27948 E Finsky  : [53] VerifyApps: Error looking up package com.google.android.tts during XLB scan : Attempt to read from field 'java.lang.Object azlh.a' on a null object reference in method 'java.lang.Object npu.apply(java.lang.Object)'
11-22 13:03:17.254 27636 27948 E Finsky  : [53] VerifyApps: Error looking up package com.google.android.overlay.permissioncontroller during XLB scan : Attempt to read from field 'java.lang.Object azlh.a' on a null object reference in method 'java.lang.Object npu.apply(java.lang.Object)'
11-22 13:03:17.254 27636 27948 E Finsky  : [53] VerifyApps: Error looking up package com.google.android.googlesdksetup during XLB scan : Attempt to read from field 'java.lang.Object azlh.a' on a null object reference in method 'java.lang.Object npu.apply(java.lang.Object)'
11-22 13:03:17.254 27636 27948 E Finsky  : [53] VerifyApps: Error looking up package com.android.calllogbackup during XLB scan : Attempt to read from field 'java.lang.Object azlh.a' on a null object reference in method 'java.lang.Object npu.apply(java.lang.Object)'
11-22 13:03:17.254 27636 27948 E Finsky  : [53] VerifyApps: Error looking up package com.google.android.partnersetup during XLB scan : Attempt to read from field 'java.lang.Object azlh.a' on a null object reference in method 'java.lang.Object npu.apply(java.lang.Object)'
11-22 13:03:17.254 27636 27948 E Finsky  : [53] VerifyApps: Error looking up package com.android.cameraextensions during XLB scan : Attempt to read from field 'java.lang.Object azlh.a' on a null object reference in method 'java.lang.Object npu.apply(java.lang.Object)'
11-22 13:03:17.254 27636 27948 E Finsky  : [53] VerifyApps: Error looking up package com.android.localtransport during XLB scan : Attempt to read from field 'java.lang.Object azlh.a' on a null object reference in method 'java.lang.Object npu.apply(java.lang.Object)'
11-22 13:03:17.254 27636 27948 E Finsky  : [53] VerifyApps: Error looking up package com.google.android.apps.nexuslauncher during XLB scan : Attempt to read from field 'java.lang.Object azlh.a' on a null object reference in method 'java.lang.Object npu.apply(java.lang.Object)'
11-22 13:03:17.254 27636 27948 E Finsky  : [53] VerifyApps: Error looking up package com.android.carrierdefaultapp during XLB scan : Attempt to read from field 'java.lang.Object azlh.a' on a null object reference in method 'java.lang.Object npu.apply(java.lang.Object)'
11-22 13:03:17.254 27636 27948 E Finsky  : [53] VerifyApps: Error looking up package com.android.credentialmanager during XLB scan : Attempt to read from field 'java.lang.Object azlh.a' on a null object reference in method 'java.lang.Object npu.apply(java.lang.Object)'
11-22 13:03:17.254 27636 27948 E Finsky  : [53] VerifyApps: Error looking up package com.android.theme.font.notoserifsource during XLB scan : Attempt to read from field 'java.lang.Object azlh.a' on a null object reference in method 'java.lang.Object npu.apply(java.lang.Object)'
11-22 13:03:17.254 27636 27948 E Finsky  : [53] VerifyApps: Error looking up package com.android.DeviceAsWebcam during XLB scan : Attempt to read from field 'java.lang.Object azlh.a' on a null object reference in method 'java.lang.Object npu.apply(java.lang.Object)'
11-22 13:03:17.254 27636 27948 E Finsky  : [53] VerifyApps: Error looking up package com.android.proxyhandler during XLB scan : Attempt to read from field 'java.lang.Object azlh.a' on a null object reference in method 'java.lang.Object npu.apply(java.lang.Object)'
11-22 13:03:17.254 27636 27948 E Finsky  : [53] VerifyApps: Error looking up package com.google.android.safetycenter.resources during XLB scan : Attempt to read from field 'java.lang.Object azlh.a' on a null object reference in method 'java.lang.Object npu.apply(java.lang.Object)'
11-22 13:03:17.254 27636 27948 E Finsky  : [53] VerifyApps: Error looking up package com.android.internal.display.cutout.emulation.waterfall during XLB scan : Attempt to read from field 'java.lang.Object azlh.a' on a null object reference in method 'java.lang.Object npu.apply(java.lang.Object)'
11-22 13:03:17.254 27636 27948 E Finsky  : [53] VerifyApps: Error looking up package com.android.intentresolver during XLB scan : Attempt to read from field 'java.lang.Object azlh.a' on a null object reference in method 'java.lang.Object npu.apply(java.lang.Object)'
11-22 13:03:17.254 27636 27948 E Finsky  : [53] VerifyApps: Error looking up package com.android.internal.systemui.navbar.transparent during XLB scan : Attempt to read from field 'java.lang.Object azlh.a' on a null object reference in method 'java.lang.Object npu.apply(java.lang.Object)'
11-22 13:03:17.254 27636 27948 E Finsky  : [53] VerifyApps: Error looking up package com.android.providers.contactkeys during XLB scan : Attempt to read from field 'java.lang.Object azlh.a' on a null object reference in method 'java.lang.Object npu.apply(java.lang.Object)'
11-22 13:03:17.254 27636 27948 E Finsky  : [53] VerifyApps: Error looking up package com.google.android.connectivity.resources during XLB scan : Attempt to read from field 'java.lang.Object azlh.a' on a null object reference in method 'java.lang.Object npu.apply(java.lang.Object)'
11-22 13:03:17.254 27636 27948 E Finsky  : [53] VerifyApps: Error looking up package com.android.providers.contacts.auto_generated_rro_product__ during XLB scan : Attempt to read from field 'java.lang.Object azlh.a' on a null object reference in method 'java.lang.Object npu.apply(java.lang.Object)'
11-22 13:03:17.254 27636 27948 E Finsky  : [53] VerifyApps: Error looking up package com.google.android.feedback during XLB scan : Attempt to read from field 'java.lang.Object azlh.a' on a null object reference in method 'java.lang.Object npu.apply(java.lang.Object)'
11-22 13:03:17.255 27636 27948 E Finsky  : [53] VerifyApps: Error looking up package com.google.android.printservice.recommendation during XLB scan : Attempt to read from field 'java.lang.Object azlh.a' on a null object reference in method 'java.lang.Object npu.apply(java.lang.Object)'
11-22 13:03:17.255 27636 27948 E Finsky  : [53] VerifyApps: Error looking up package com.google.android.apps.photos during XLB scan : Attempt to read from field 'java.lang.Object azlh.a' on a null object reference in method 'java.lang.Object npu.apply(java.lang.Object)'
11-22 13:03:17.255 27636 27948 E Finsky  : [53] VerifyApps: Error looking up package com.google.android.calendar during XLB scan : Attempt to read from field 'java.lang.Object azlh.a' on a null object reference in method 'java.lang.Object npu.apply(java.lang.Object)'
11-22 13:03:17.255 27636 27948 E Finsky  : [53] VerifyApps: Error looking up package com.android.managedprovisioning during XLB scan : Attempt to read from field 'java.lang.Object azlh.a' on a null object reference in method 'java.lang.Object npu.apply(java.lang.Object)'
11-22 13:03:17.255 27636 27948 E Finsky  : [53] VerifyApps: Error looking up package com.android.soundpicker during XLB scan : Attempt to read from field 'java.lang.Object azlh.a' on a null object reference in method 'java.lang.Object npu.apply(java.lang.Object)'
11-22 13:03:17.255 27636 27948 E Finsky  : [53] VerifyApps: Error looking up package com.google.android.documentsui during XLB scan : Attempt to read from field 'java.lang.Object azlh.a' on a null object reference in method 'java.lang.Object npu.apply(java.lang.Object)'
11-22 13:03:17.255 27636 27948 E Finsky  : [53] VerifyApps: Error looking up package com.android.systemui.emulation.pixel_3a_xl during XLB scan : Attempt to read from field 'java.lang.Object azlh.a' on a null object reference in method 'java.lang.Object npu.apply(java.lang.Object)'
11-22 13:03:17.255 27636 27948 E Finsky  : [53] VerifyApps: Error looking up package com.android.systemui.emulation.pixel_6_pro during XLB scan : Attempt to read from field 'java.lang.Object azlh.a' on a null object reference in method 'java.lang.Object npu.apply(java.lang.Object)'
11-22 13:03:17.255 27636 27948 E Finsky  : [53] VerifyApps: Error looking up package com.android.systemui.emulation.pixel_7_pro during XLB scan : Attempt to read from field 'java.lang.Object azlh.a' on a null object reference in method 'java.lang.Object npu.apply(java.lang.Object)'
11-22 13:03:17.258 27636 27948 E Finsky  : [53] VerifyApps: Error looking up package com.android.systemui.emulation.pixel_8_pro during XLB scan : Attempt to read from field 'java.lang.Object azlh.a' on a null object reference in method 'java.lang.Object npu.apply(java.lang.Object)'
11-22 13:03:17.258 27636 27948 E Finsky  : [53] VerifyApps: Error looking up package com.android.systemui.emulation.pixel_9_pro during XLB scan : Attempt to read from field 'java.lang.Object azlh.a' on a null object reference in method 'java.lang.Object npu.apply(java.lang.Object)'
11-22 13:03:17.258 27636 27948 E Finsky  : [53] VerifyApps: Error looking up package com.policequiz during XLB scan : Attempt to read from field 'java.lang.Object azlh.a' on a null object reference in method 'java.lang.Object npu.apply(java.lang.Object)'
11-22 13:03:17.258 27636 27948 E Finsky  : [53] VerifyApps: Error looking up package com.google.android.accessibility.switchaccess during XLB scan : Attempt to read from field 'java.lang.Object azlh.a' on a null object reference in method 'java.lang.Object npu.apply(java.lang.Object)'
11-22 13:03:17.258 27636 27948 E Finsky  : [53] VerifyApps: Error looking up package com.google.mainline.telemetry during XLB scan : Attempt to read from field 'java.lang.Object azlh.a' on a null object reference in method 'java.lang.Object npu.apply(java.lang.Object)'
11-22 13:03:17.258 27636 27948 E Finsky  : [53] VerifyApps: Error looking up package com.android.carrierconfig.auto_generated_rro_product__ during XLB scan : Attempt to read from field 'java.lang.Object azlh.a' on a null object reference in method 'java.lang.Object npu.apply(java.lang.Object)'
11-22 13:03:17.258 27636 27948 E Finsky  : [53] VerifyApps: Error looking up package com.android.emulator.multidisplay during XLB scan : Attempt to read from field 'java.lang.Object azlh.a' on a null object reference in method 'java.lang.Object npu.apply(java.lang.Object)'
11-22 13:03:17.258 27636 27948 E Finsky  : [53] VerifyApps: Error looking up package com.android.devicediagnostics.auto_generated_rro_product__ during XLB scan : Attempt to read from field 'java.lang.Object azlh.a' on a null object reference in method 'java.lang.Object npu.apply(java.lang.Object)'
11-22 13:03:17.258 27636 27948 E Finsky  : [53] VerifyApps: Error looking up package com.android.devicediagnostics during XLB scan : Attempt to read from field 'java.lang.Object azlh.a' on a null object reference in method 'java.lang.Object npu.apply(java.lang.Object)'
11-22 13:03:17.258 27636 27948 E Finsky  : [53] VerifyApps: Error looking up package com.google.android.overlay.largescreensettingsprovider during XLB scan : Attempt to read from field 'java.lang.Object azlh.a' on a null object reference in method 'java.lang.Object npu.apply(java.lang.Object)'
11-22 13:03:17.258 27636 27948 E Finsky  : [53] VerifyApps: Error looking up package com.android.providers.partnerbookmarks during XLB scan : Attempt to read from field 'java.lang.Object azlh.a' on a null object reference in method 'java.lang.Object npu.apply(java.lang.Object)'
11-22 13:03:17.258 27636 27948 E Finsky  : [53] VerifyApps: Error looking up package com.android.role.notes.enabled during XLB scan : Attempt to read from field 'java.lang.Object azlh.a' on a null object reference in method 'java.lang.Object npu.apply(java.lang.Object)'
11-22 13:03:17.258 27636 27948 E Finsky  : [53] VerifyApps: Error looking up package com.android.wallpaper.livepicker during XLB scan : Attempt to read from field 'java.lang.Object azlh.a' on a null object reference in method 'java.lang.Object npu.apply(java.lang.Object)'
11-22 13:03:17.259 27636 27948 E Finsky  : [53] VerifyApps: Error looking up package com.android.providers.telephony.auto_generated_rro_product__ during XLB scan : Attempt to read from field 'java.lang.Object azlh.a' on a null object reference in method 'java.lang.Object npu.apply(java.lang.Object)'
11-22 13:03:17.259 27636 27948 E Finsky  : [53] VerifyApps: Error looking up package com.android.phone.auto_generated_rro_vendor__ during XLB scan : Attempt to read from field 'java.lang.Object azlh.a' on a null object reference in method 'java.lang.Object npu.apply(java.lang.Object)'
11-22 13:03:17.259 27636 27948 E Finsky  : [53] VerifyApps: Error looking up package com.google.mainline.adservices during XLB scan : Attempt to read from field 'java.lang.Object azlh.a' on a null object reference in method 'java.lang.Object npu.apply(java.lang.Object)'
11-22 13:03:17.259 27636 27948 E Finsky  : [53] VerifyApps: Error looking up package com.android.imsserviceentitlement during XLB scan : Attempt to read from field 'java.lang.Object azlh.a' on a null object reference in method 'java.lang.Object npu.apply(java.lang.Object)'
11-22 13:03:17.259 27636 27948 E Finsky  : [53] VerifyApps: Error looking up package com.android.internal.emulation.pixel_9_pro_xl during XLB scan : Attempt to read from field 'java.lang.Object azlh.a' on a null object reference in method 'java.lang.Object npu.apply(java.lang.Object)'
11-22 13:03:17.259 27636 27948 E Finsky  : [53] VerifyApps: Error looking up package com.google.android.healthconnect.controller during XLB scan : Attempt to read from field 'java.lang.Object azlh.a' on a null object reference in method 'java.lang.Object npu.apply(java.lang.Object)'
11-22 13:03:17.259 27636 27948 E Finsky  : [53] VerifyApps: Error looking up package com.google.android.gms.supervision during XLB scan : Attempt to read from field 'java.lang.Object azlh.a' on a null object reference in method 'java.lang.Object npu.apply(java.lang.Object)'
11-22 13:03:17.259 27636 27948 E Finsky  : [53] VerifyApps: Error looking up package com.android.internal.emulation.pixel_2_xl during XLB scan : Attempt to read from field 'java.lang.Object azlh.a' on a null object reference in method 'java.lang.Object npu.apply(java.lang.Object)'
11-22 13:03:17.259 27636 27948 E Finsky  : [53] VerifyApps: Error looking up package com.android.internal.emulation.pixel_3_xl during XLB scan : Attempt to read from field 'java.lang.Object azlh.a' on a null object reference in method 'java.lang.Object npu.apply(java.lang.Object)'
11-22 13:03:17.259 27636 27948 E Finsky  : [53] VerifyApps: Error looking up package com.android.internal.emulation.pixel_4_xl during XLB scan : Attempt to read from field 'java.lang.Object azlh.a' on a null object reference in method 'java.lang.Object npu.apply(java.lang.Object)'
11-22 13:03:17.259 27636 27948 E Finsky  : [53] VerifyApps: Error looking up package com.android.internal.emulation.pixel_fold during XLB scan : Attempt to read from field 'java.lang.Object azlh.a' on a null object reference in method 'java.lang.Object npu.apply(java.lang.Object)'
11-22 13:03:17.259 27636 27948 E Finsky  : [53] VerifyApps: Error looking up package com.android.storagemanager during XLB scan : Attempt to read from field 'java.lang.Object azlh.a' on a null object reference in method 'java.lang.Object npu.apply(java.lang.Object)'
11-22 13:03:17.259 27636 27948 E Finsky  : [53] VerifyApps: Error looking up package com.android.bookmarkprovider during XLB scan : Attempt to read from field 'java.lang.Object azlh.a' on a null object reference in method 'java.lang.Object npu.apply(java.lang.Object)'
11-22 13:03:17.259 27636 27948 E Finsky  : [53] VerifyApps: Error looking up package com.google.android.overlay.pixelconfigcommon during XLB scan : Attempt to read from field 'java.lang.Object azlh.a' on a null object reference in method 'java.lang.Object npu.apply(java.lang.Object)'
11-22 13:03:17.259 27636 27948 E Finsky  : [53] VerifyApps: Error looking up package com.android.settings during XLB scan : Attempt to read from field 'java.lang.Object azlh.a' on a null object reference in method 'java.lang.Object npu.apply(java.lang.Object)'
11-22 13:03:17.259 27636 27948 E Finsky  : [53] VerifyApps: Error looking up package com.android.systemui.accessibility.accessibilitymenu.auto_generated_rro_product__ during XLB scan : Attempt to read from field 'java.lang.Object azlh.a' on a null object reference in method 'java.lang.Object npu.apply(java.lang.Object)'
11-22 13:03:17.260 27636 27948 E Finsky  : [53] VerifyApps: Error looking up package com.android.systemui.emulation.pixel_3a during XLB scan : Attempt to read from field 'java.lang.Object azlh.a' on a null object reference in method 'java.lang.Object npu.apply(java.lang.Object)'
11-22 13:03:17.260 27636 27948 E Finsky  : [53] VerifyApps: Error looking up package com.android.systemui.emulation.pixel_4a during XLB scan : Attempt to read from field 'java.lang.Object azlh.a' on a null object reference in method 'java.lang.Object npu.apply(java.lang.Object)'
11-22 13:03:17.260 27636 27948 E Finsky  : [53] VerifyApps: Error looking up package com.android.systemui.emulation.pixel_6a during XLB scan : Attempt to read from field 'java.lang.Object azlh.a' on a null object reference in method 'java.lang.Object npu.apply(java.lang.Object)'
11-22 13:03:17.260 27636 27948 E Finsky  : [53] VerifyApps: Error looking up package com.android.systemui.emulation.pixel_7a during XLB scan : Attempt to read from field 'java.lang.Object azlh.a' on a null object reference in method 'java.lang.Object npu.apply(java.lang.Object)'
11-22 13:03:17.260 27636 27948 E Finsky  : [53] VerifyApps: Error looking up package com.android.systemui.emulation.pixel_8a during XLB scan : Attempt to read from field 'java.lang.Object azlh.a' on a null object reference in method 'java.lang.Object npu.apply(java.lang.Object)'
11-22 13:03:17.260 27636 27948 E Finsky  : [53] VerifyApps: Error looking up package com.android.systemui.emulation.pixel_9a during XLB scan : Attempt to read from field 'java.lang.Object azlh.a' on a null object reference in method 'java.lang.Object npu.apply(java.lang.Object)'
11-22 13:03:17.261 27636 27948 E Finsky  : [53] VerifyApps: Error looking up package com.google.android.settings.intelligence during XLB scan : Attempt to read from field 'java.lang.Object azlh.a' on a null object reference in method 'java.lang.Object npu.apply(java.lang.Object)'
11-22 13:03:17.264 27636 27948 E Finsky  : [53] VerifyApps: Error looking up package com.google.android.projection.gearhead during XLB scan : Attempt to read from field 'java.lang.Object azlh.a' on a null object reference in method 'java.lang.Object npu.apply(java.lang.Object)'
11-22 13:03:17.268 27636 27948 E Finsky  : [53] VerifyApps: Error looking up package com.google.android.uwb.resources during XLB scan : Attempt to read from field 'java.lang.Object azlh.a' on a null object reference in method 'java.lang.Object npu.apply(java.lang.Object)'
11-22 13:03:17.268 27636 27948 E Finsky  : [53] VerifyApps: Error looking up package com.android.cts.ctsshim during XLB scan : Attempt to read from field 'java.lang.Object azlh.a' on a null object reference in method 'java.lang.Object npu.apply(java.lang.Object)'
11-22 13:03:17.268 27636 27948 E Finsky  : [53] VerifyApps: Error looking up package com.google.android.wifi.resources during XLB scan : Attempt to read from field 'java.lang.Object azlh.a' on a null object reference in method 'java.lang.Object npu.apply(java.lang.Object)'
11-22 13:03:17.268 27636 27948 E Finsky  : [53] VerifyApps: Error looking up package com.google.android.wifi.dialog during XLB scan : Attempt to read from field 'java.lang.Object azlh.a' on a null object reference in method 'java.lang.Object npu.apply(java.lang.Object)'
11-22 13:03:17.268 27636 27948 E Finsky  : [53] VerifyApps: Error looking up package com.google.android.telephony.satellite during XLB scan : Attempt to read from field 'java.lang.Object azlh.a' on a null object reference in method 'java.lang.Object npu.apply(java.lang.Object)'
11-22 13:03:17.269 27636 27948 E Finsky  : [53] VerifyApps: Error looking up package com.android.wallpaper during XLB scan : Attempt to read from field 'java.lang.Object azlh.a' on a null object reference in method 'java.lang.Object npu.apply(java.lang.Object)'
11-22 13:03:17.269 27636 27948 E Finsky  : [53] VerifyApps: Error looking up package com.android.vpndialogs during XLB scan : Attempt to read from field 'java.lang.Object azlh.a' on a null object reference in method 'java.lang.Object npu.apply(java.lang.Object)'
11-22 13:03:17.269 27636 27948 E Finsky  : [53] VerifyApps: Error looking up package com.google.android.apps.wallpaper during XLB scan : Attempt to read from field 'java.lang.Object azlh.a' on a null object reference in method 'java.lang.Object npu.apply(java.lang.Object)'
11-22 13:03:17.269 27636 27948 E Finsky  : [53] VerifyApps: Error looking up package com.google.android.odad during XLB scan : Attempt to read from field 'java.lang.Object azlh.a' on a null object reference in method 'java.lang.Object npu.apply(java.lang.Object)'
11-22 13:03:17.269 27636 27948 E Finsky  : [53] VerifyApps: Error looking up package com.android.phone during XLB scan : Attempt to read from field 'java.lang.Object azlh.a' on a null object reference in method 'java.lang.Object npu.apply(java.lang.Object)'
11-22 13:03:17.269 27636 27948 E Finsky  : [53] VerifyApps: Error looking up package com.android.shell during XLB scan : Attempt to read from field 'java.lang.Object azlh.a' on a null object reference in method 'java.lang.Object npu.apply(java.lang.Object)'
11-22 13:03:17.269 27636 27948 E Finsky  : [53] VerifyApps: Error looking up package com.android.wallpaperbackup during XLB scan : Attempt to read from field 'java.lang.Object azlh.a' on a null object reference in method 'java.lang.Object npu.apply(java.lang.Object)'
11-22 13:03:17.269 27636 27948 E Finsky  : [53] VerifyApps: Error looking up package com.android.providers.blockednumber during XLB scan : Attempt to read from field 'java.lang.Object azlh.a' on a null object reference in method 'java.lang.Object npu.apply(java.lang.Object)'
11-22 13:03:17.269 27636 27948 E Finsky  : [53] VerifyApps: Error looking up package com.android.settings.auto_generated_rro_product__ during XLB scan : Attempt to read from field 'java.lang.Object azlh.a' on a null object reference in method 'java.lang.Object npu.apply(java.lang.Object)'
11-22 13:03:17.269 27636 27948 E Finsky  : [53] VerifyApps: Error looking up package com.android.providers.userdictionary during XLB scan : Attempt to read from field 'java.lang.Object azlh.a' on a null object reference in method 'java.lang.Object npu.apply(java.lang.Object)'
11-22 13:03:17.269 27636 27948 E Finsky  : [53] VerifyApps: Error looking up package com.android.systemui.emulation.pixel_9_pro_xl during XLB scan : Attempt to read from field 'java.lang.Object azlh.a' on a null object reference in method 'java.lang.Object npu.apply(java.lang.Object)'
11-22 13:03:17.269 27636 27948 E Finsky  : [53] VerifyApps: Error looking up package com.android.emergency during XLB scan : Attempt to read from field 'java.lang.Object azlh.a' on a null object reference in method 'java.lang.Object npu.apply(java.lang.Object)'
11-22 13:03:17.269 27636 27948 E Finsky  : [53] VerifyApps: Error looking up package com.android.companiondevicemanager.auto_generated_characteristics_rro during XLB scan : Attempt to read from field 'java.lang.Object azlh.a' on a null object reference in method 'java.lang.Object npu.apply(java.lang.Object)'
11-22 13:03:17.269 27636 27948 E Finsky  : [53] VerifyApps: Error looking up package com.android.internal.systemui.navbar.gestural during XLB scan : Attempt to read from field 'java.lang.Object azlh.a' on a null object reference in method 'java.lang.Object npu.apply(java.lang.Object)'
11-22 13:03:17.269 27636 27948 E Finsky  : [53] VerifyApps: Error looking up package com.android.location.fused during XLB scan : Attempt to read from field 'java.lang.Object azlh.a' on a null object reference in method 'java.lang.Object npu.apply(java.lang.Object)'
11-22 13:03:17.269 27636 27948 E Finsky  : [53] VerifyApps: Error looking up package com.android.systemui during XLB scan : Attempt to read from field 'java.lang.Object azlh.a' on a null object reference in method 'java.lang.Object npu.apply(java.lang.Object)'
11-22 13:03:17.269 27636 27948 E Finsky  : [53] VerifyApps: Error looking up package com.google.android.ondevicepersonalization.services during XLB scan : Attempt to read from field 'java.lang.Object azlh.a' on a null object reference in method 'java.lang.Object npu.apply(java.lang.Object)'
11-22 13:03:17.269 27636 27948 E Finsky  : [53] VerifyApps: Error looking up package com.google.android.apps.youtube.music during XLB scan : Attempt to read from field 'java.lang.Object azlh.a' on a null object reference in method 'java.lang.Object npu.apply(java.lang.Object)'
11-22 13:03:17.269 27636 27948 E Finsky  : [53] VerifyApps: Error looking up package com.android.bluetoothmidiservice during XLB scan : Attempt to read from field 'java.lang.Object azlh.a' on a null object reference in method 'java.lang.Object npu.apply(java.lang.Object)'
